Archive member included to satisfy reference by file (symbol)

/Applications/STM32CubeIDE.app/Contents/Eclipse/plugins/com.st.stm32cube.ide.mcu.externaltools.gnu-tools-for-stm32.14.3.rel1.macosaarch64_1.0.0.202602081740/tools/bin/../lib/gcc/arm-none-eabi/14.3.1/../../../../arm-none-eabi/lib/thumb/v8-m.main+fp/hard/libc_nano.a(libc_a-exit.o)
                              /Applications/STM32CubeIDE.app/Contents/Eclipse/plugins/com.st.stm32cube.ide.mcu.externaltools.gnu-tools-for-stm32.14.3.rel1.macosaarch64_1.0.0.202602081740/tools/bin/../lib/gcc/arm-none-eabi/14.3.1/../../../../arm-none-eabi/lib/thumb/v8-m.main+fp/hard/crt0.o (exit)
/Applications/STM32CubeIDE.app/Contents/Eclipse/plugins/com.st.stm32cube.ide.mcu.externaltools.gnu-tools-for-stm32.14.3.rel1.macosaarch64_1.0.0.202602081740/tools/bin/../lib/gcc/arm-none-eabi/14.3.1/../../../../arm-none-eabi/lib/thumb/v8-m.main+fp/hard/libc_nano.a(libc_a-findfp.o)
                              /Applications/STM32CubeIDE.app/Contents/Eclipse/plugins/com.st.stm32cube.ide.mcu.externaltools.gnu-tools-for-stm32.14.3.rel1.macosaarch64_1.0.0.202602081740/tools/bin/../lib/gcc/arm-none-eabi/14.3.1/../../../../arm-none-eabi/lib/thumb/v8-m.main+fp/hard/libc_nano.a(libc_a-exit.o) (__stdio_exit_handler)
/Applications/STM32CubeIDE.app/Contents/Eclipse/plugins/com.st.stm32cube.ide.mcu.externaltools.gnu-tools-for-stm32.14.3.rel1.macosaarch64_1.0.0.202602081740/tools/bin/../lib/gcc/arm-none-eabi/14.3.1/../../../../arm-none-eabi/lib/thumb/v8-m.main+fp/hard/libc_nano.a(libc_a-fwalk.o)
                              /Applications/STM32CubeIDE.app/Contents/Eclipse/plugins/com.st.stm32cube.ide.mcu.externaltools.gnu-tools-for-stm32.14.3.rel1.macosaarch64_1.0.0.202602081740/tools/bin/../lib/gcc/arm-none-eabi/14.3.1/../../../../arm-none-eabi/lib/thumb/v8-m.main+fp/hard/libc_nano.a(libc_a-findfp.o) (_fwalk_sglue)
/Applications/STM32CubeIDE.app/Contents/Eclipse/plugins/com.st.stm32cube.ide.mcu.externaltools.gnu-tools-for-stm32.14.3.rel1.macosaarch64_1.0.0.202602081740/tools/bin/../lib/gcc/arm-none-eabi/14.3.1/../../../../arm-none-eabi/lib/thumb/v8-m.main+fp/hard/libc_nano.a(libc_a-memset.o)
                              /Applications/STM32CubeIDE.app/Contents/Eclipse/plugins/com.st.stm32cube.ide.mcu.externaltools.gnu-tools-for-stm32.14.3.rel1.macosaarch64_1.0.0.202602081740/tools/bin/../lib/gcc/arm-none-eabi/14.3.1/../../../../arm-none-eabi/lib/thumb/v8-m.main+fp/hard/crt0.o (memset)
/Applications/STM32CubeIDE.app/Contents/Eclipse/plugins/com.st.stm32cube.ide.mcu.externaltools.gnu-tools-for-stm32.14.3.rel1.macosaarch64_1.0.0.202602081740/tools/bin/../lib/gcc/arm-none-eabi/14.3.1/../../../../arm-none-eabi/lib/thumb/v8-m.main+fp/hard/libc_nano.a(libc_a-errno.o)
                              ./Core/Src/syscalls.o (__errno)
/Applications/STM32CubeIDE.app/Contents/Eclipse/plugins/com.st.stm32cube.ide.mcu.externaltools.gnu-tools-for-stm32.14.3.rel1.macosaarch64_1.0.0.202602081740/tools/bin/../lib/gcc/arm-none-eabi/14.3.1/../../../../arm-none-eabi/lib/thumb/v8-m.main+fp/hard/libc_nano.a(libc_a-init.o)
                              /Applications/STM32CubeIDE.app/Contents/Eclipse/plugins/com.st.stm32cube.ide.mcu.externaltools.gnu-tools-for-stm32.14.3.rel1.macosaarch64_1.0.0.202602081740/tools/bin/../lib/gcc/arm-none-eabi/14.3.1/../../../../arm-none-eabi/lib/thumb/v8-m.main+fp/hard/crt0.o (__libc_init_array)
/Applications/STM32CubeIDE.app/Contents/Eclipse/plugins/com.st.stm32cube.ide.mcu.externaltools.gnu-tools-for-stm32.14.3.rel1.macosaarch64_1.0.0.202602081740/tools/bin/../lib/gcc/arm-none-eabi/14.3.1/../../../../arm-none-eabi/lib/thumb/v8-m.main+fp/hard/libc_nano.a(libc_a-lock.o)
                              /Applications/STM32CubeIDE.app/Contents/Eclipse/plugins/com.st.stm32cube.ide.mcu.externaltools.gnu-tools-for-stm32.14.3.rel1.macosaarch64_1.0.0.202602081740/tools/bin/../lib/gcc/arm-none-eabi/14.3.1/../../../../arm-none-eabi/lib/thumb/v8-m.main+fp/hard/libc_nano.a(libc_a-findfp.o) (__retarget_lock_init_recursive)
/Applications/STM32CubeIDE.app/Contents/Eclipse/plugins/com.st.stm32cube.ide.mcu.externaltools.gnu-tools-for-stm32.14.3.rel1.macosaarch64_1.0.0.202602081740/tools/bin/../lib/gcc/arm-none-eabi/14.3.1/../../../../arm-none-eabi/lib/thumb/v8-m.main+fp/hard/libc_nano.a(libc_a-impure.o)
                              /Applications/STM32CubeIDE.app/Contents/Eclipse/plugins/com.st.stm32cube.ide.mcu.externaltools.gnu-tools-for-stm32.14.3.rel1.macosaarch64_1.0.0.202602081740/tools/bin/../lib/gcc/arm-none-eabi/14.3.1/../../../../arm-none-eabi/lib/thumb/v8-m.main+fp/hard/libc_nano.a(libc_a-errno.o) (_impure_ptr)
/Applications/STM32CubeIDE.app/Contents/Eclipse/plugins/com.st.stm32cube.ide.mcu.externaltools.gnu-tools-for-stm32.14.3.rel1.macosaarch64_1.0.0.202602081740/tools/bin/../lib/gcc/arm-none-eabi/14.3.1/../../../../arm-none-eabi/lib/thumb/v8-m.main+fp/hard/libc_nano.a(libc_a-mallocr.o)
[...]
Memory Configuration

Name             Origin             Length             Attributes
RAM              0x20000000         0x00270000         xrw
SRAM4            0x28000000         0x00004000         xrw
FLASH            0x08000000         0x00400000         xr
*default*        0x00000000         0xffffffff

Linker script and memory map

LOAD /Applications/STM32CubeIDE.app/Contents/Eclipse/plugins/com.st.stm32cube.ide.mcu.externaltools.gnu-tools-for-stm32.14.3.rel1.macosaarch64_1.0.0.202602081740/tools/bin/../lib/gcc/arm-none-eabi/14.3.1/thumb/v8-m.main+fp/hard/crti.o
LOAD /Applications/STM32CubeIDE.app/Contents/Eclipse/plugins/com.st.stm32cube.ide.mcu.externaltools.gnu-tools-for-stm32.14.3.rel1.macosaarch64_1.0.0.202602081740/tools/bin/../lib/gcc/arm-none-eabi/14.3.1/thumb/v8-m.main+fp/hard/crtbegin.o
LOAD /Applications/STM32CubeIDE.app/Contents/Eclipse/plugins/com.st.stm32cube.ide.mcu.externaltools.gnu-tools-for-stm32.14.3.rel1.macosaarch64_1.0.0.202602081740/tools/bin/../lib/gcc/arm-none-eabi/14.3.1/../../../../arm-none-eabi/lib/thumb/v8-m.main+fp/hard/crt0.o
LOAD ./Core/Src/main.o
LOAD ./Core/Src/stm32u5xx_hal_msp.o
LOAD ./Core/Src/stm32u5xx_it.o
LOAD ./Core/Src/syscalls.o
LOAD ./Core/Src/sysmem.o
LOAD ./Core/Src/system_stm32u5xx.o
LOAD ./Core/Startup/startup_stm32u5a5zjtxq.o
LOAD ./Drivers/STM32U5xx_HAL_Driver/Src/stm32u5xx_hal.o
LOAD ./Drivers/STM32U5xx_HAL_Driver/Src/stm32u5xx_hal_cortex.o
LOAD ./Drivers/STM32U5xx_HAL_Driver/Src/stm32u5xx_hal_dma.o
LOAD ./Drivers/STM32U5xx_HAL_Driver/Src/stm32u5xx_hal_dma_ex.o
LOAD ./Drivers/STM32U5xx_HAL_Driver/Src/stm32u5xx_hal_exti.o
LOAD ./Drivers/STM32U5xx_HAL_Driver/Src/stm32u5xx_hal_flash.o
LOAD ./Drivers/STM32U5xx_HAL_Driver/Src/stm32u5xx_hal_flash_ex.o
LOAD ./Drivers/STM32U5xx_HAL_Driver/Src/stm32u5xx_hal_gpio.o
LOAD ./Drivers/STM32U5xx_HAL_Driver/Src/stm32u5xx_hal_gtzc.o
LOAD ./Drivers/STM32U5xx_HAL_Driver/Src/stm32u5xx_hal_i2c.o
LOAD ./Drivers/STM32U5xx_HAL_Driver/Src/stm32u5xx_hal_i2c_ex.o
LOAD ./Drivers/STM32U5xx_HAL_Driver/Src/stm32u5xx_hal_icache.o
LOAD ./Drivers/STM32U5xx_HAL_Driver/Src/stm32u5xx_hal_pwr.o
LOAD ./Drivers/STM32U5xx_HAL_Driver/Src/stm32u5xx_hal_pwr_ex.o
LOAD ./Drivers/STM32U5xx_HAL_Driver/Src/stm32u5xx_hal_rcc.o
LOAD ./Drivers/STM32U5xx_HAL_Driver/Src/stm32u5xx_hal_rcc_ex.o
START GROUP
LOAD /Applications/STM32CubeIDE.app/Contents/Eclipse/plugins/com.st.stm32cube.ide.mcu.externaltools.gnu-tools-for-stm32.14.3.rel1.macosaarch64_1.0.0.202602081740/tools/bin/../lib/gcc/arm-none-eabi/14.3.1/../../../../arm-none-eabi/lib/thumb/v8-m.main+fp/hard/libc_nano.a
LOAD /Applications/STM32CubeIDE.app/Contents/Eclipse/plugins/com.st.stm32cube.ide.mcu.externaltools.gnu-tools-for-stm32.14.3.rel1.macosaarch64_1.0.0.202602081740/tools/bin/../lib/gcc/arm-none-eabi/14.3.1/../../../../arm-none-eabi/lib/thumb/v8-m.main+fp/hard/libm.a
END GROUP
START GROUP
LOAD /Applications/STM32CubeIDE.app/Contents/Eclipse/plugins/com.st.stm32cube.ide.mcu.externaltools.gnu-tools-for-stm32.14.3.rel1.macosaarch64_1.0.0.202602081740/tools/bin/../lib/gcc/arm-none-eabi/14.3.1/thumb/v8-m.main+fp/hard/libgcc.a
LOAD /Applications/STM32CubeIDE.app/Contents/Eclipse/plugins/com.st.stm32cube.ide.mcu.externaltools.gnu-tools-for-stm32.14.3.rel1.macosaarch64_1.0.0.202602081740/tools/bin/../lib/gcc/arm-none-eabi/14.3.1/../../../../arm-none-eabi/lib/thumb/v8-m.main+fp/hard/libc_nano.a
END GROUP
START GROUP
LOAD /Applications/STM32CubeIDE.app/Contents/Eclipse/plugins/com.st.stm32cube.ide.mcu.externaltools.gnu-tools-for-stm32.14.3.rel1.macosaarch64_1.0.0.202602081740/tools/bin/../lib/gcc/arm-none-eabi/14.3.1/thumb/v8-m.main+fp/hard/libgcc.a
LOAD /Applications/STM32CubeIDE.app/Contents/Eclipse/plugins/com.st.stm32cube.ide.mcu.externaltools.gnu-tools-for-stm32.14.3.rel1.macosaarch64_1.0.0.202602081740/tools/bin/../lib/gcc/arm-none-eabi/14.3.1/../../../../arm-none-eabi/lib/thumb/v8-m.main+fp/hard/libc_nano.a
LOAD /Applications/STM32CubeIDE.app/Contents/Eclipse/plugins/com.st.stm32cube.ide.mcu.externaltools.gnu-tools-for-stm32.14.3.rel1.macosaarch64_1.0.0.202602081740/tools/bin/../lib/gcc/arm-none-eabi/14.3.1/../../../../arm-none-eabi/lib/thumb/v8-m.main+fp/hard/libnosys.a
END GROUP
START GROUP
LOAD /Applications/STM32CubeIDE.app/Contents/Eclipse/plugins/com.st.stm32cube.ide.mcu.externaltools.gnu-tools-for-stm32.14.3.rel1.macosaarch64_1.0.0.202602081740/tools/bin/../lib/gcc/arm-none-eabi/14.3.1/thumb/v8-m.main+fp/hard/libgcc.a
LOAD /Applications/STM32CubeIDE.app/Contents/Eclipse/plugins/com.st.stm32cube.ide.mcu.externaltools.gnu-tools-for-stm32.14.3.rel1.macosaarch64_1.0.0.202602081740/tools/bin/../lib/gcc/arm-none-eabi/14.3.1/../../../../arm-none-eabi/lib/thumb/v8-m.main+fp/hard/libc_nano.a
LOAD /Applications/STM32CubeIDE.app/Contents/Eclipse/plugins/com.st.stm32cube.ide.mcu.externaltools.gnu-tools-for-stm32.14.3.rel1.macosaarch64_1.0.0.202602081740/tools/bin/../lib/gcc/arm-none-eabi/14.3.1/../../../../arm-none-eabi/lib/thumb/v8-m.main+fp/hard/libnosys.a
END GROUP
LOAD /Applications/STM32CubeIDE.app/Contents/Eclipse/plugins/com.st.stm32cube.ide.mcu.externaltools.gnu-tools-for-stm32.14.3.rel1.macosaarch64_1.0.0.202602081740/tools/bin/../lib/gcc/arm-none-eabi/14.3.1/thumb/v8-m.main+fp/hard/crtend.o
LOAD /Applications/STM32CubeIDE.app/Contents/Eclipse/plugins/com.st.stm32cube.ide.mcu.externaltools.gnu-tools-for-stm32.14.3.rel1.macosaarch64_1.0.0.202602081740/tools/bin/../lib/gcc/arm-none-eabi/14.3.1/thumb/v8-m.main+fp/hard/crtn.o
                0x20270000                        _estack = (ORIGIN (RAM) + LENGTH (RAM))
                0x2026fc00                        _sstack = (_estack - _Min_Stack_Size)
                0x00000200                        _Min_Heap_Size = 0x200
                0x00000400                        _Min_Stack_Size = 0x400

.isr_vector     0x08000000      0x250
 *(.isr_vector)
 .isr_vector    0x08000000      0x250 ./Core/Startup/startup_stm32u5a5zjtxq.o
                0x08000000                g_pfnVectors

.text           0x08000250     0x1d0c
 *(.text)
 .text          0x08000250       0x40 /Applications/STM32CubeIDE.app/Contents/Eclipse/plugins/com.st.stm32cube.ide.mcu.externaltools.gnu-tools-for-stm32.14.3.rel1.macosaarch64_1.0.0.202602081740/tools/bin/../lib/gcc/arm-none-eabi/14.3.1/thumb/v8-m.main+fp/hard/crtbegin.o
 *(.text*)
 .text.main     0x08000290       0x10 ./Core/Src/main.o
                0x08000290                main
 .text.SystemClock_Config
                0x080002a0       0x92 ./Core/Src/main.o
                0x080002a0                SystemClock_Config
 .text.Error_Handler
                0x08000332        0xc ./Core/Src/main.o
                0x08000332                Error_Handler
 *fill*         0x0800033e        0x2 
 .text.HAL_MspInit
                0x08000340       0x34 ./Core/Src/stm32u5xx_hal_msp.o
                0x08000340                HAL_MspInit
 .text.NMI_Handler
                0x08000374        0x8 ./Core/Src/stm32u5xx_it.o
                0x08000374                NMI_Handler
 .text.HardFault_Handler
                0x0800037c        0x8 ./Core/Src/stm32u5xx_it.o
                0x0800037c                HardFault_Handler
 .text.MemManage_Handler
                0x08000384        0x8 ./Core/Src/stm32u5xx_it.o
                0x08000384                MemManage_Handler
 .text.BusFault_Handler
                0x0800038c        0x8 ./Core/Src/stm32u5xx_it.o
                0x0800038c                BusFault_Handler
 .text.UsageFault_Handler
                0x08000394        0x8 ./Core/Src/stm32u5xx_it.o
                0x08000394                UsageFault_Handler
 .text.SVC_Handler
                0x0800039c        0xe ./Core/Src/stm32u5xx_it.o
                0x0800039c                SVC_Handler
 .text.DebugMon_Handler
                0x080003aa        0xe ./Core/Src/stm32u5xx_it.o
                0x080003aa                DebugMon_Handler
 .text.PendSV_Handler
                0x080003b8        0xe ./Core/Src/stm32u5xx_it.o
                0x080003b8                PendSV_Handler
 .text.SysTick_Handler
                0x080003c6        0xc ./Core/Src/stm32u5xx_it.o
                0x080003c6                SysTick_Handler
 *fill*         0x080003d2        0x2 
 .text.SystemInit
                0x080003d4       0x70 ./Core/Src/system_stm32u5xx.o
                0x080003d4                SystemInit
 .text.Reset_Handler
                0x08000444       0x50 ./Core/Startup/startup_stm32u5a5zjtxq.o
                0x08000444                Reset_Handler
 .text.Default_Handler
                0x08000494        0x2 ./Core/Startup/startup_stm32u5a5zjtxq.o
                0x08000494                HASH_IRQHandler
                0x08000494                TIM8_TRG_COM_IRQHandler
                0x08000494                TIM8_CC_IRQHandler
                0x08000494                EXTI5_IRQHandler
                0x08000494                FLASH_S_IRQHandler
                0x08000494                EXTI13_IRQHandler
                0x08000494                TIM1_CC_IRQHandler
                0x08000494                TSC_IRQHandler
                0x08000494                TAMP_IRQHandler
                0x08000494                TIM6_IRQHandler
                0x08000494                EXTI12_IRQHandler
                0x08000494                CORDIC_IRQHandler
                0x08000494                EXTI3_IRQHandler
                0x08000494                LPTIM4_IRQHandler
                0x08000494                GPDMA1_Channel5_IRQHandler
                0x08000494                EXTI8_IRQHandler
                0x08000494                LPTIM2_IRQHandler
                0x08000494                I2C3_ER_IRQHandler
                0x08000494                I2C5_EV_IRQHandler
                0x08000494                PWR_S3WU_IRQHandler
                0x08000494                MDF1_FLT2_IRQHandler
                0x08000494                LPDMA1_Channel3_IRQHandler
                0x08000494                LPTIM3_IRQHandler
                0x08000494                EXTI0_IRQHandler
                0x08000494                I2C2_EV_IRQHandler
                0x08000494                FPU_IRQHandler
                0x08000494                GPDMA1_Channel3_IRQHandler
                0x08000494                GPDMA1_Channel7_IRQHandler
                0x08000494                MDF1_FLT4_IRQHandler
                0x08000494                FDCAN1_IT1_IRQHandler
                0x08000494                RAMCFG_IRQHandler
                0x08000494                ADC1_2_IRQHandler
                0x08000494                GPDMA1_Channel9_IRQHandler
                0x08000494                DCACHE1_IRQHandler
                0x08000494                SPI1_IRQHandler
                0x08000494                OCTOSPI1_IRQHandler
                0x08000494                GPDMA1_Channel2_IRQHandler
                0x08000494                TIM8_UP_IRQHandler
                0x08000494                RCC_S_IRQHandler
                0x08000494                OCTOSPI2_IRQHandler
                0x08000494                SAI2_IRQHandler
                0x08000494                MDF1_FLT1_IRQHandler
                0x08000494                PKA_IRQHandler
                0x08000494                USART6_IRQHandler
                0x08000494                MDF1_FLT5_IRQHandler
                0x08000494                EXTI15_IRQHandler
                0x08000494                TIM17_IRQHandler
                0x08000494                USART3_IRQHandler
                0x08000494                RTC_IRQHandler
                0x08000494                EXTI9_IRQHandler
                0x08000494                HSPI1_IRQHandler
                0x08000494                UART5_IRQHandler
                0x08000494                TIM4_IRQHandler
                0x08000494                I2C1_EV_IRQHandler
                0x08000494                GPDMA1_Channel12_IRQHandler
                0x08000494                GPDMA1_Channel1_IRQHandler
                0x08000494                TIM16_IRQHandler
                0x08000494                GPDMA1_Channel15_IRQHandler
                0x08000494                UART4_IRQHandler
                0x08000494                SecureFault_Handler
                0x08000494                TIM3_IRQHandler
                0x08000494                RCC_IRQHandler
                0x08000494                TIM1_TRG_COM_IRQHandler
                0x08000494                Default_Handler
                0x08000494                GPDMA1_Channel8_IRQHandler
                0x08000494                FMAC_IRQHandler
                0x08000494                I2C5_ER_IRQHandler
                0x08000494                OTFDEC1_IRQHandler
                0x08000494                GPDMA1_Channel11_IRQHandler
                0x08000494                TIM7_IRQHandler
                0x08000494                SDMMC1_IRQHandler
                0x08000494                SAES_IRQHandler
                0x08000494                TIM5_IRQHandler
                0x08000494                UCPD1_IRQHandler
                0x08000494                GPDMA1_Channel0_IRQHandler
                0x08000494                TIM15_IRQHandler
                0x08000494                I2C3_EV_IRQHandler
                0x08000494                LPDMA1_Channel0_IRQHandler
                0x08000494                PVD_PVM_IRQHandler
                0x08000494                SPI2_IRQHandler
                0x08000494                LPDMA1_Channel1_IRQHandler
                0x08000494                EXTI14_IRQHandler
                0x08000494                EXTI11_IRQHandler
                0x08000494                OTFDEC2_IRQHandler
                0x08000494                CRS_IRQHandler
                0x08000494                GPDMA1_Channel14_IRQHandler
                0x08000494                LSECSSD_IRQHandler
                0x08000494                EXTI4_IRQHandler
                0x08000494                RTC_S_IRQHandler
                0x08000494                GPDMA1_Channel13_IRQHandler
                0x08000494                RNG_IRQHandler
                0x08000494                COMP_IRQHandler
                0x08000494                TIM1_UP_IRQHandler
                0x08000494                ADC4_IRQHandler
                0x08000494                WWDG_IRQHandler
                0x08000494                I2C4_EV_IRQHandler
                0x08000494                ADF1_IRQHandler
                0x08000494                IWDG_IRQHandler
                0x08000494                I2C6_ER_IRQHandler
                0x08000494                LPUART1_IRQHandler
                0x08000494                MDF1_FLT0_IRQHandler
                0x08000494                FDCAN1_IT0_IRQHandler
                0x08000494                TIM2_IRQHandler
                0x08000494                GPDMA1_Channel4_IRQHandler
                0x08000494                OTG_HS_IRQHandler
                0x08000494                EXTI7_IRQHandler
                0x08000494                DMA2D_IRQHandler
                0x08000494                TIM1_BRK_IRQHandler
                0x08000494                EXTI1_IRQHandler
                0x08000494                SDMMC2_IRQHandler
                0x08000494                AES_IRQHandler
                0x08000494                DAC1_IRQHandler
                0x08000494                GTZC_IRQHandler
                0x08000494                MDF1_FLT3_IRQHandler
                0x08000494                USART2_IRQHandler
                0x08000494                I2C6_EV_IRQHandler
                0x08000494                GPDMA1_Channel6_IRQHandler
                0x08000494                I2C2_ER_IRQHandler
                0x08000494                TIM8_BRK_IRQHandler
                0x08000494                FLASH_IRQHandler
                0x08000494                USART1_IRQHandler
                0x08000494                EXTI10_IRQHandler
                0x08000494                SPI3_IRQHandler
                0x08000494                LPDMA1_Channel2_IRQHandler
                0x08000494                I2C1_ER_IRQHandler
                0x08000494                FMC_IRQHandler
                0x08000494                EXTI6_IRQHandler
                0x08000494                LPTIM1_IRQHandler
                0x08000494                DCMI_PSSI_IRQHandler
                0x08000494                I2C4_ER_IRQHandler
                0x08000494                GPDMA1_Channel10_IRQHandler
                0x08000494                ICACHE_IRQHandler
                0x08000494                SAI1_IRQHandler
                0x08000494                EXTI2_IRQHandler
 *fill*         0x08000496        0x2 
 .text.HAL_Init
                0x08000498       0x60 ./Drivers/STM32U5xx_HAL_Driver/Src/stm32u5xx_hal.o
                0x08000498                HAL_Init
 .text.HAL_InitTick
                0x080004f8       0xec ./Drivers/STM32U5xx_HAL_Driver/Src/stm32u5xx_hal.o
                0x080004f8                HAL_InitTick
 .text.HAL_IncTick
                0x080005e4       0x28 ./Drivers/STM32U5xx_HAL_Driver/Src/stm32u5xx_hal.o
                0x080005e4                HAL_IncTick
 .text.HAL_GetTick
                0x0800060c       0x18 ./Drivers/STM32U5xx_HAL_Driver/Src/stm32u5xx_hal.o
                0x0800060c                HAL_GetTick
 .text.__NVIC_SetPriorityGrouping
                0x08000624       0x48 ./Drivers/STM32U5xx_HAL_Driver/Src/stm32u5xx_hal_cortex.o
 .text.__NVIC_GetPriorityGrouping
                0x0800066c       0x1c ./Drivers/STM32U5xx_HAL_Driver/Src/stm32u5xx_hal_cortex.o
 .text.__NVIC_SetPriority
                0x08000688       0x54 ./Drivers/STM32U5xx_HAL_Driver/Src/stm32u5xx_hal_cortex.o
 .text.NVIC_EncodePriority
                0x080006dc       0x66 ./Drivers/STM32U5xx_HAL_Driver/Src/stm32u5xx_hal_cortex.o
 .text.HAL_NVIC_SetPriorityGrouping
                0x08000742       0x16 ./Drivers/STM32U5xx_HAL_Driver/Src/stm32u5xx_hal_cortex.o
                0x08000742                HAL_NVIC_SetPriorityGrouping
 .text.HAL_NVIC_SetPriority
                0x08000758       0x34 ./Drivers/STM32U5xx_HAL_Driver/Src/stm32u5xx_hal_cortex.o
                0x08000758                HAL_NVIC_SetPriority
 .text.HAL_SYSTICK_Config
                0x0800078c       0x44 ./Drivers/STM32U5xx_HAL_Driver/Src/stm32u5xx_hal_cortex.o
                0x0800078c                HAL_SYSTICK_Config
 .text.HAL_SYSTICK_CLKSourceConfig
                0x080007d0       0xb0 ./Drivers/STM32U5xx_HAL_Driver/Src/stm32u5xx_hal_cortex.o
                0x080007d0                HAL_SYSTICK_CLKSourceConfig
 .text.HAL_SYSTICK_GetCLKSourceConfig
                0x08000880       0x74 ./Drivers/STM32U5xx_HAL_Driver/Src/stm32u5xx_hal_cortex.o
                0x08000880                HAL_SYSTICK_GetCLKSourceConfig
 .text.HAL_PWREx_ControlVoltageScaling
                0x080008f4       0xfc ./Drivers/STM32U5xx_HAL_Driver/Src/stm32u5xx_hal_pwr_ex.o
                0x080008f4                HAL_PWREx_ControlVoltageScaling
 .text.HAL_PWREx_GetVoltageRange
                0x080009f0       0x1c ./Drivers/STM32U5xx_HAL_Driver/Src/stm32u5xx_hal_pwr_ex.o
                0x080009f0                HAL_PWREx_GetVoltageRange
 .text.HAL_RCC_OscConfig
                0x08000a0c      0xdb8 ./Drivers/STM32U5xx_HAL_Driver/Src/stm32u5xx_hal_rcc.o
                0x08000a0c                HAL_RCC_OscConfig
 .text.HAL_RCC_ClockConfig
                0x080017c4      0x3e4 ./Drivers/STM32U5xx_HAL_Driver/Src/stm32u5xx_hal_rcc.o
                0x080017c4                HAL_RCC_ClockConfig
 .text.HAL_RCC_GetSysClockFreq
                0x08001ba8      0x204 ./Drivers/STM32U5xx_HAL_Driver/Src/stm32u5xx_hal_rcc.o
                0x08001ba8                HAL_RCC_GetSysClockFreq
 .text.HAL_RCC_GetHCLKFreq
                0x08001dac       0x34 ./Drivers/STM32U5xx_HAL_Driver/Src/stm32u5xx_hal_rcc.o
                0x08001dac                HAL_RCC_GetHCLKFreq
 .text.RCC_SetFlashLatencyFromMSIRange
                0x08001de0      0x10c ./Drivers/STM32U5xx_HAL_Driver/Src/stm32u5xx_hal_rcc.o
 .text.memset   0x08001eec       0x10 /Applications/STM32CubeIDE.app/Contents/Eclipse/plugins/com.st.stm32cube.ide.mcu.externaltools.gnu-tools-for-stm32.14.3.rel1.macosaarch64_1.0.0.202602081740/tools/bin/../lib/gcc/arm-none-eabi/14.3.1/../../../../arm-none-eabi/lib/thumb/v8-m.main+fp/hard/libc_nano.a(libc_a-memset.o)
                0x08001eec                memset
 .text.__libc_init_array
                0x08001efc       0x48 /Applications/STM32CubeIDE.app/Contents/Eclipse/plugins/com.st.stm32cube.ide.mcu.externaltools.gnu-tools-for-stm32.14.3.rel1.macosaarch64_1.0.0.202602081740/tools/bin/../lib/gcc/arm-none-eabi/14.3.1/../../../../arm-none-eabi/lib/thumb/v8-m.main+fp/hard/libc_nano.a(libc_a-init.o)
                0x08001efc                __libc_init_array
 *(.glue_7)
 .glue_7        0x08001f44        0x0 linker stubs
 *(.glue_7t)
 .glue_7t       0x08001f44        0x0 linker stubs
 *(.eh_frame)
 .eh_frame      0x08001f44        0x0 /Applications/STM32CubeIDE.app/Contents/Eclipse/plugins/com.st.stm32cube.ide.mcu.externaltools.gnu-tools-for-stm32.14.3.rel1.macosaarch64_1.0.0.202602081740/tools/bin/../lib/gcc/arm-none-eabi/14.3.1/thumb/v8-m.main+fp/hard/crtbegin.o
 *(.init)
 .init          0x08001f44        0x4 /Applications/STM32CubeIDE.app/Contents/Eclipse/plugins/com.st.stm32cube.ide.mcu.externaltools.gnu-tools-for-stm32.14.3.rel1.macosaarch64_1.0.0.202602081740/tools/bin/../lib/gcc/arm-none-eabi/14.3.1/thumb/v8-m.main+fp/hard/crti.o
                0x08001f44                _init
 .init          0x08001f48        0x8 /Applications/STM32CubeIDE.app/Contents/Eclipse/plugins/com.st.stm32cube.ide.mcu.externaltools.gnu-tools-for-stm32.14.3.rel1.macosaarch64_1.0.0.202602081740/tools/bin/../lib/gcc/arm-none-eabi/14.3.1/thumb/v8-m.main+fp/hard/crtn.o
 *(.fini)
 .fini          0x08001f50        0x4 /Applications/STM32CubeIDE.app/Contents/Eclipse/plugins/com.st.stm32cube.ide.mcu.externaltools.gnu-tools-for-stm32.14.3.rel1.macosaarch64_1.0.0.202602081740/tools/bin/../lib/gcc/arm-none-eabi/14.3.1/thumb/v8-m.main+fp/hard/crti.o
                0x08001f50                _fini
 .fini          0x08001f54        0x8 /Applications/STM32CubeIDE.app/Contents/Eclipse/plugins/com.st.stm32cube.ide.mcu.externaltools.gnu-tools-for-stm32.14.3.rel1.macosaarch64_1.0.0.202602081740/tools/bin/../lib/gcc/arm-none-eabi/14.3.1/thumb/v8-m.main+fp/hard/crtn.o
                0x08001f5c                        _etext = .

.vfp11_veneer   0x08001f5c        0x0
 .vfp11_veneer  0x08001f5c        0x0 linker stubs

.v4_bx          0x08001f5c        0x0
 .v4_bx         0x08001f5c        0x0 linker stubs

.iplt           0x08001f5c        0x0
 .iplt          0x08001f5c        0x0 /Applications/STM32CubeIDE.app/Contents/Eclipse/plugins/com.st.stm32cube.ide.mcu.externaltools.gnu-tools-for-stm32.14.3.rel1.macosaarch64_1.0.0.202602081740/tools/bin/../lib/gcc/arm-none-eabi/14.3.1/thumb/v8-m.main+fp/hard/crtbegin.o

.rodata         0x08001f5c       0x50
 *(.rodata)
 *(.rodata*)
 .rodata.AHBPrescTable
                0x08001f5c       0x10 ./Core/Src/system_stm32u5xx.o
                0x08001f5c                AHBPrescTable
 .rodata.MSIRangeTable
                0x08001f6c       0x40 ./Core/Src/system_stm32u5xx.o
                0x08001f6c                MSIRangeTable

.ARM.extab
 *(.ARM.extab* .gnu.linkonce.armextab.*)

.ARM            0x08001fac        0x0
                0x08001fac                        __exidx_start = .
 *(.ARM.exidx*)
                0x08001fac                        __exidx_end = .

.preinit_array  0x08001fac        0x0
                0x08001fac                        PROVIDE (__preinit_array_start = .)
 *(.preinit_array*)
                0x08001fac                        PROVIDE (__preinit_array_end = .)

.init_array     0x08001fac        0x4
                0x08001fac                        PROVIDE (__init_array_start = .)
 *(SORT_BY_NAME(.init_array.*))
 *(.init_array*)
 .init_array    0x08001fac        0x4 /Applications/STM32CubeIDE.app/Contents/Eclipse/plugins/com.st.stm32cube.ide.mcu.externaltools.gnu-tools-for-stm32.14.3.rel1.macosaarch64_1.0.0.202602081740/tools/bin/../lib/gcc/arm-none-eabi/14.3.1/thumb/v8-m.main+fp/hard/crtbegin.o
                0x08001fb0                        PROVIDE (__init_array_end = .)

.fini_array     0x08001fb0        0x4
                [!provide]                        PROVIDE (__fini_array_start = .)
 *(SORT_BY_NAME(.fini_array.*))
 *(.fini_array*)
 .fini_array    0x08001fb0        0x4 /Applications/STM32CubeIDE.app/Contents/Eclipse/plugins/com.st.stm32cube.ide.mcu.externaltools.gnu-tools-for-stm32.14.3.rel1.macosaarch64_1.0.0.202602081740/tools/bin/../lib/gcc/arm-none-eabi/14.3.1/thumb/v8-m.main+fp/hard/crtbegin.o
                [!provide]                        PROVIDE (__fini_array_end = .)
                0x08001fb4                        _sidata = LOADADDR (.data)

.rel.dyn        0x08001fb4        0x0
 .rel.iplt      0x08001fb4        0x0 /Applications/STM32CubeIDE.app/Contents/Eclipse/plugins/com.st.stm32cube.ide.mcu.externaltools.gnu-tools-for-stm32.14.3.rel1.macosaarch64_1.0.0.202602081740/tools/bin/../lib/gcc/arm-none-eabi/14.3.1/thumb/v8-m.main+fp/hard/crtbegin.o

.data           0x20000000        0x9 load address 0x08001fb4
                0x20000000                        _sdata = .
 *(.data)
 *(.data*)
 .data.SystemCoreClock
                0x20000000        0x4 ./Core/Src/system_stm32u5xx.o
                0x20000000                SystemCoreClock
 .data.uwTickPrio
                0x20000004        0x4 ./Drivers/STM32U5xx_HAL_Driver/Src/stm32u5xx_hal.o
                0x20000004                uwTickPrio
 .data.uwTickFreq
                0x20000008        0x1 ./Drivers/STM32U5xx_HAL_Driver/Src/stm32u5xx_hal.o
                0x20000008                uwTickFreq
 *(.RamFunc)
 *(.RamFunc*)
                0x20000009                        _edata = .

.igot.plt       0x2000000c        0x0 load address 0x08001fbd
 .igot.plt      0x2000000c        0x0 /Applications/STM32CubeIDE.app/Contents/Eclipse/plugins/com.st.stm32cube.ide.mcu.externaltools.gnu-tools-for-stm32.14.3.rel1.macosaarch64_1.0.0.202602081740/tools/bin/../lib/gcc/arm-none-eabi/14.3.1/thumb/v8-m.main+fp/hard/crtbegin.o

.bss            0x2000000c       0x20 load address 0x08001fbd
                0x2000000c                        _sbss = .
                0x2000000c                        __bss_start__ = _sbss
 *(.bss)
 .bss           0x2000000c       0x1c /Applications/STM32CubeIDE.app/Contents/Eclipse/plugins/com.st.stm32cube.ide.mcu.externaltools.gnu-tools-for-stm32.14.3.rel1.macosaarch64_1.0.0.202602081740/tools/bin/../lib/gcc/arm-none-eabi/14.3.1/thumb/v8-m.main+fp/hard/crtbegin.o
 *(.bss*)
 .bss.uwTick    0x20000028        0x4 ./Drivers/STM32U5xx_HAL_Driver/Src/stm32u5xx_hal.o
                0x20000028                uwTick
 *(COMMON)
                0x2000002c                        _ebss = .
                0x2000002c                        __bss_end__ = _ebss

._user_heap_stack
                0x2000002c      0x604 load address 0x08001fbd
                0x20000030                        . = ALIGN (0x8)
 *fill*         0x2000002c        0x4 
                [!provide]                        PROVIDE (end = .)
                0x20000030                        PROVIDE (_end = .)
                0x20000230                        . = (. + _Min_Heap_Size)
 *fill*         0x20000030      0x200 
                0x20000630                        . = (. + _Min_Stack_Size)
 *fill*         0x20000230      0x400 
                0x20000630                        . = ALIGN (0x8)

/DISCARD/
 libc.a(*)
 libm.a(*)
 libgcc.a(*)

.ARM.attributes
                0x00000000       0x36
 *(.ARM.attributes)
 .ARM.attributes
                0x00000000       0x26 /Applications/STM32CubeIDE.app/Contents/Eclipse/plugins/com.st.stm32cube.ide.mcu.externaltools.gnu-tools-for-stm32.14.3.rel1.macosaarch64_1.0.0.202602081740/tools/bin/../lib/gcc/arm-none-eabi/14.3.1/thumb/v8-m.main+fp/hard/crti.o
 .ARM.attributes
                0x00000026       0x38 /Applications/STM32CubeIDE.app/Contents/Eclipse/plugins/com.st.stm32cube.ide.mcu.externaltools.gnu-tools-for-stm32.14.3.rel1.macosaarch64_1.0.0.202602081740/tools/bin/../lib/gcc/arm-none-eabi/14.3.1/thumb/v8-m.main+fp/hard/crtbegin.o
 .ARM.attributes
                0x0000005e       0x3a ./Core/Src/main.o
 .ARM.attributes
                0x00000098       0x3a ./Core/Src/stm32u5xx_hal_msp.o
 .ARM.attributes
                0x000000d2       0x3a ./Core/Src/stm32u5xx_it.o
 .ARM.attributes
                0x0000010c       0x3a ./Core/Src/system_stm32u5xx.o
 .ARM.attributes
                0x00000146       0x24 ./Core/Startup/startup_stm32u5a5zjtxq.o
 .ARM.attributes
                0x0000016a       0x3a ./Drivers/STM32U5xx_HAL_Driver/Src/stm32u5xx_hal.o
 .ARM.attributes
                0x000001a4       0x3a ./Drivers/STM32U5xx_HAL_Driver/Src/stm32u5xx_hal_cortex.o
 .ARM.attributes
                0x000001de       0x3a ./Drivers/STM32U5xx_HAL_Driver/Src/stm32u5xx_hal_pwr_ex.o
 .ARM.attributes
                0x00000218       0x3a ./Drivers/STM32U5xx_HAL_Driver/Src/stm32u5xx_hal_rcc.o
 .ARM.attributes
                0x00000252       0x38 /Applications/STM32CubeIDE.app/Contents/Eclipse/plugins/com.st.stm32cube.ide.mcu.externaltools.gnu-tools-for-stm32.14.3.rel1.macosaarch64_1.0.0.202602081740/tools/bin/../lib/gcc/arm-none-eabi/14.3.1/../../../../arm-none-eabi/lib/thumb/v8-m.main+fp/hard/libc_nano.a(libc_a-memset.o)
 .ARM.attributes
                0x0000028a       0x38 /Applications/STM32CubeIDE.app/Contents/Eclipse/plugins/com.st.stm32cube.ide.mcu.externaltools.gnu-tools-for-stm32.14.3.rel1.macosaarch64_1.0.0.202602081740/tools/bin/../lib/gcc/arm-none-eabi/14.3.1/../../../../arm-none-eabi/lib/thumb/v8-m.main+fp/hard/libc_nano.a(libc_a-init.o)
 .ARM.attributes
                0x000002c2       0x26 /Applications/STM32CubeIDE.app/Contents/Eclipse/plugins/com.st.stm32cube.ide.mcu.externaltools.gnu-tools-for-stm32.14.3.rel1.macosaarch64_1.0.0.202602081740/tools/bin/../lib/gcc/arm-none-eabi/14.3.1/thumb/v8-m.main+fp/hard/crtn.o
OUTPUT(U5A5_NonSecure_Test.elf elf32-littlearm)
LOAD linker stubs
LOAD /Applications/STM32CubeIDE.app/Contents/Eclipse/plugins/com.st.stm32cube.ide.mcu.externaltools.gnu-tools-for-stm32.14.3.rel1.macosaarch64_1.0.0.202602081740/tools/bin/../lib/gcc/arm-none-eabi/14.3.1/../../../../arm-none-eabi/lib/thumb/v8-m.main+fp/hard/libc.a
LOAD /Applications/STM32CubeIDE.app/Contents/Eclipse/plugins/com.st.stm32cube.ide.mcu.externaltools.gnu-tools-for-stm32.14.3.rel1.macosaarch64_1.0.0.202602081740/tools/bin/../lib/gcc/arm-none-eabi/14.3.1/../../../../arm-none-eabi/lib/thumb/v8-m.main+fp/hard/libm.a
LOAD /Applications/STM32CubeIDE.app/Contents/Eclipse/plugins/com.st.stm32cube.ide.mcu.externaltools.gnu-tools-for-stm32.14.3.rel1.macosaarch64_1.0.0.202602081740/tools/bin/../lib/gcc/arm-none-eabi/14.3.1/thumb/v8-m.main+fp/hard/libgcc.a

.debug_info     0x00000000     0x5e92
 .debug_info    0x00000000      0x352 ./Core/Src/main.o
 .debug_info    0x00000352      0x40c ./Core/Src/stm32u5xx_hal_msp.o
 .debug_info    0x0000075e      0x128 ./Core/Src/stm32u5xx_it.o
 .debug_info    0x00000886      0x929 ./Core/Src/system_stm32u5xx.o
 .debug_info    0x000011af       0x30 ./Core/Startup/startup_stm32u5a5zjtxq.o
 .debug_info    0x000011df     0x147c ./Drivers/STM32U5xx_HAL_Driver/Src/stm32u5xx_hal.o
 .debug_info    0x0000265b     0x167b ./Drivers/STM32U5xx_HAL_Driver/Src/stm32u5xx_hal_cortex.o
 .debug_info    0x00003cd6      0xf0c ./Drivers/STM32U5xx_HAL_Driver/Src/stm32u5xx_hal_pwr_ex.o
 .debug_info    0x00004be2     0x12b0 ./Drivers/STM32U5xx_HAL_Driver/Src/stm32u5xx_hal_rcc.o

.debug_abbrev   0x00000000      0xece
 .debug_abbrev  0x00000000      0x157 ./Core/Src/main.o
 .debug_abbrev  0x00000157       0xde ./Core/Src/stm32u5xx_hal_msp.o
 .debug_abbrev  0x00000235       0x73 ./Core/Src/stm32u5xx_it.o
 .debug_abbrev  0x000002a8      0x129 ./Core/Src/system_stm32u5xx.o
 .debug_abbrev  0x000003d1       0x24 ./Core/Startup/startup_stm32u5a5zjtxq.o
 .debug_abbrev  0x000003f5      0x2a4 ./Drivers/STM32U5xx_HAL_Driver/Src/stm32u5xx_hal.o
 .debug_abbrev  0x00000699      0x327 ./Drivers/STM32U5xx_HAL_Driver/Src/stm32u5xx_hal_cortex.o
 .debug_abbrev  0x000009c0      0x243 ./Drivers/STM32U5xx_HAL_Driver/Src/stm32u5xx_hal_pwr_ex.o
 .debug_abbrev  0x00000c03      0x2cb ./Drivers/STM32U5xx_HAL_Driver/Src/stm32u5xx_hal_rcc.o

.debug_aranges  0x00000000      0x6c0
 .debug_aranges
                0x00000000       0x30 ./Core/Src/main.o
 .debug_aranges
                0x00000030       0x20 ./Core/Src/stm32u5xx_hal_msp.o
 .debug_aranges
                0x00000050       0x60 ./Core/Src/stm32u5xx_it.o
 .debug_aranges
                0x000000b0       0x28 ./Core/Src/system_stm32u5xx.o
 .debug_aranges
                0x000000d8       0x28 ./Core/Startup/startup_stm32u5a5zjtxq.o
 .debug_aranges
                0x00000100      0x1a8 ./Drivers/STM32U5xx_HAL_Driver/Src/stm32u5xx_hal.o
 .debug_aranges
                0x000002a8      0x140 ./Drivers/STM32U5xx_HAL_Driver/Src/stm32u5xx_hal_cortex.o
 .debug_aranges
                0x000003e8      0x230 ./Drivers/STM32U5xx_HAL_Driver/Src/stm32u5xx_hal_pwr_ex.o
 .debug_aranges
                0x00000618       0xa8 ./Drivers/STM32U5xx_HAL_Driver/Src/stm32u5xx_hal_rcc.o

.debug_rnglists
                0x00000000      0x4f9
 .debug_rnglists
                0x00000000       0x20 ./Core/Src/main.o
 .debug_rnglists
                0x00000020       0x13 ./Core/Src/stm32u5xx_hal_msp.o
 .debug_rnglists
                0x00000033       0x43 ./Core/Src/stm32u5xx_it.o
 .debug_rnglists
                0x00000076       0x1a ./Core/Src/system_stm32u5xx.o
 .debug_rnglists
                0x00000090       0x19 ./Core/Startup/startup_stm32u5a5zjtxq.o
 .debug_rnglists
                0x000000a9      0x13b ./Drivers/STM32U5xx_HAL_Driver/Src/stm32u5xx_hal.o
 .debug_rnglists
                0x000001e4       0xec ./Drivers/STM32U5xx_HAL_Driver/Src/stm32u5xx_hal_cortex.o
 .debug_rnglists
                0x000002d0      0x1aa ./Drivers/STM32U5xx_HAL_Driver/Src/stm32u5xx_hal_pwr_ex.o
 .debug_rnglists
                0x0000047a       0x7f ./Drivers/STM32U5xx_HAL_Driver/Src/stm32u5xx_hal_rcc.o

.debug_macro    0x00000000    0x33133
 .debug_macro   0x00000000      0x24f ./Core/Src/main.o
 .debug_macro   0x0000024f      0xade ./Core/Src/main.o
 .debug_macro   0x00000d2d      0x1ef ./Core/Src/main.o
 .debug_macro   0x00000f1c       0x2e ./Core/Src/main.o
 .debug_macro   0x00000f4a       0x42 ./Core/Src/main.o
 .debug_macro   0x00000f8c       0x22 ./Core/Src/main.o
 .debug_macro   0x00000fae       0x8e ./Core/Src/main.o
 .debug_macro   0x0000103c       0x51 ./Core/Src/main.o
 .debug_macro   0x0000108d      0x103 ./Core/Src/main.o
 .debug_macro   0x00001190       0x6a ./Core/Src/main.o
 .debug_macro   0x000011fa      0x1df ./Core/Src/main.o
 .debug_macro   0x000013d9       0x1c ./Core/Src/main.o
 .debug_macro   0x000013f5       0x29 ./Core/Src/main.o
 .debug_macro   0x0000141e       0xfb ./Core/Src/main.o
 .debug_macro   0x00001519     0x1685 ./Core/Src/main.o
 .debug_macro   0x00002b9e       0x5e ./Core/Src/main.o
 .debug_macro   0x00002bfc    0x260d1 ./Core/Src/main.o
 .debug_macro   0x00028ccd       0x6d ./Core/Src/main.o
 .debug_macro   0x00028d3a     0x393e ./Core/Src/main.o
 .debug_macro   0x0002c678      0x190 ./Core/Src/main.o
 .debug_macro   0x0002c808       0x61 ./Core/Src/main.o
 .debug_macro   0x0002c869       0x2a ./Core/Src/main.o
 .debug_macro   0x0002c893       0x43 ./Core/Src/main.o
 .debug_macro   0x0002c8d6       0x34 ./Core/Src/main.o
 .debug_macro   0x0002c90a      0x364 ./Core/Src/main.o
 .debug_macro   0x0002cc6e       0x16 ./Core/Src/main.o
 .debug_macro   0x0002cc84       0x4a ./Core/Src/main.o
 .debug_macro   0x0002ccce       0x34 ./Core/Src/main.o
 .debug_macro   0x0002cd02       0x10 ./Core/Src/main.o
 .debug_macro   0x0002cd12       0x58 ./Core/Src/main.o
 .debug_macro   0x0002cd6a       0x8e ./Core/Src/main.o
 .debug_macro   0x0002cdf8       0x1c ./Core/Src/main.o
 .debug_macro   0x0002ce14      0x17e ./Core/Src/main.o
 .debug_macro   0x0002cf92      0x19b ./Core/Src/main.o
 .debug_macro   0x0002d12d       0x5d ./Core/Src/main.o
 .debug_macro   0x0002d18a     0x1d23 ./Core/Src/main.o
 .debug_macro   0x0002eead      0x8f4 ./Core/Src/main.o
 .debug_macro   0x0002f7a1      0x166 ./Core/Src/main.o
 .debug_macro   0x0002f907      0x2d8 ./Core/Src/main.o
 .debug_macro   0x0002fbdf      0x5eb ./Core/Src/main.o
 .debug_macro   0x000301ca      0x463 ./Core/Src/main.o
 .debug_macro   0x0003062d       0xd6 ./Core/Src/main.o
 .debug_macro   0x00030703      0x1cd ./Core/Src/main.o
 .debug_macro   0x000308d0      0x432 ./Core/Src/main.o
 .debug_macro   0x00030d02       0x95 ./Core/Src/main.o
 .debug_macro   0x00030d97      0x11c ./Core/Src/main.o
 .debug_macro   0x00030eb3      0x52c ./Core/Src/main.o
 .debug_macro   0x000313df      0x5d5 ./Core/Src/main.o
 .debug_macro   0x000319b4      0x1d3 ./Core/Src/main.o
 .debug_macro   0x00031b87      0x448 ./Core/Src/main.o
 .debug_macro   0x00031fcf      0x24f ./Core/Src/stm32u5xx_hal_msp.o
 .debug_macro   0x0003221e      0x259 ./Core/Src/stm32u5xx_it.o
 .debug_macro   0x00032477      0x24c ./Core/Src/system_stm32u5xx.o
 .debug_macro   0x000326c3      0x269 ./Drivers/STM32U5xx_HAL_Driver/Src/stm32u5xx_hal.o
 .debug_macro   0x0003292c      0x245 ./Drivers/STM32U5xx_HAL_Driver/Src/stm32u5xx_hal_cortex.o
 .debug_macro   0x00032b71      0x277 ./Drivers/STM32U5xx_HAL_Driver/Src/stm32u5xx_hal_pwr_ex.o
 .debug_macro   0x00032de8      0x34b ./Drivers/STM32U5xx_HAL_Driver/Src/stm32u5xx_hal_rcc.o

.debug_line     0x00000000     0x662e
 .debug_line    0x00000000      0x841 ./Core/Src/main.o
 .debug_line    0x00000841      0x7c7 ./Core/Src/stm32u5xx_hal_msp.o
 .debug_line    0x00001008      0x877 ./Core/Src/stm32u5xx_it.o
 .debug_line    0x0000187f      0x8cc ./Core/Src/system_stm32u5xx.o
 .debug_line    0x0000214b       0x79 ./Core/Startup/startup_stm32u5a5zjtxq.o
 .debug_line    0x000021c4      0xd94 ./Drivers/STM32U5xx_HAL_Driver/Src/stm32u5xx_hal.o
 .debug_line    0x00002f58      0xe1b ./Drivers/STM32U5xx_HAL_Driver/Src/stm32u5xx_hal_cortex.o
 .debug_line    0x00003d73     0x1263 ./Drivers/STM32U5xx_HAL_Driver/Src/stm32u5xx_hal_pwr_ex.o
 .debug_line    0x00004fd6     0x1658 ./Drivers/STM32U5xx_HAL_Driver/Src/stm32u5xx_hal_rcc.o

.debug_str      0x00000000   0x1418bb
 .debug_str     0x00000000   0x1418bb ./Core/Src/main.o
                             0x13ec18 (size before relaxing)
 .debug_str     0x001418bb   0x13ec16 ./Core/Src/stm32u5xx_hal_msp.o
 .debug_str     0x001418bb   0x13ea63 ./Core/Src/stm32u5xx_it.o
 .debug_str     0x001418bb   0x13edb9 ./Core/Src/system_stm32u5xx.o
 .debug_str     0x001418bb       0x81 ./Core/Startup/startup_stm32u5a5zjtxq.o
 .debug_str     0x001418bb   0x13ff8d ./Drivers/STM32U5xx_HAL_Driver/Src/stm32u5xx_hal.o
 .debug_str     0x001418bb   0x13fa81 ./Drivers/STM32U5xx_HAL_Driver/Src/stm32u5xx_hal_cortex.o
 .debug_str     0x001418bb   0x13f5fd ./Drivers/STM32U5xx_HAL_Driver/Src/stm32u5xx_hal_pwr_ex.o
 .debug_str     0x001418bb   0x140552 ./Drivers/STM32U5xx_HAL_Driver/Src/stm32u5xx_hal_rcc.o

.comment        0x00000000       0x43
 .comment       0x00000000       0x43 ./Core/Src/main.o
                                 0x44 (size before relaxing)
 .comment       0x00000043       0x44 ./Core/Src/stm32u5xx_hal_msp.o
 .comment       0x00000043       0x44 ./Core/Src/stm32u5xx_it.o
 .comment       0x00000043       0x44 ./Core/Src/system_stm32u5xx.o
 .comment       0x00000043       0x44 ./Drivers/STM32U5xx_HAL_Driver/Src/stm32u5xx_hal.o
 .comment       0x00000043       0x44 ./Drivers/STM32U5xx_HAL_Driver/Src/stm32u5xx_hal_cortex.o
 .comment       0x00000043       0x44 ./Drivers/STM32U5xx_HAL_Driver/Src/stm32u5xx_hal_pwr_ex.o
 .comment       0x00000043       0x44 ./Drivers/STM32U5xx_HAL_Driver/Src/stm32u5xx_hal_rcc.o

.debug_frame    0x00000000     0x17c0
 .debug_frame   0x00000000       0x6c ./Core/Src/main.o
 .debug_frame   0x0000006c       0x34 ./Core/Src/stm32u5xx_hal_msp.o
 .debug_frame   0x000000a0       0xf8 ./Core/Src/stm32u5xx_it.o
 .debug_frame   0x00000198       0x50 ./Core/Src/system_stm32u5xx.o
 .debug_frame   0x000001e8      0x608 ./Drivers/STM32U5xx_HAL_Driver/Src/stm32u5xx_hal.o
 .debug_frame   0x000007f0      0x508 ./Drivers/STM32U5xx_HAL_Driver/Src/stm32u5xx_hal_cortex.o
 .debug_frame   0x00000cf8      0x814 ./Drivers/STM32U5xx_HAL_Driver/Src/stm32u5xx_hal_pwr_ex.o
 .debug_frame   0x0000150c      0x268 ./Drivers/STM32U5xx_HAL_Driver/Src/stm32u5xx_hal_rcc.o
 .debug_frame   0x00001774       0x20 /Applications/STM32CubeIDE.app/Contents/Eclipse/plugins/com.st.stm32cube.ide.mcu.externaltools.gnu-tools-for-stm32.14.3.rel1.macosaarch64_1.0.0.202602081740/tools/bin/../lib/gcc/arm-none-eabi/14.3.1/../../../../arm-none-eabi/lib/thumb/v8-m.main+fp/hard/libc_nano.a(libc_a-memset.o)
 .debug_frame   0x00001794       0x2c /Applications/STM32CubeIDE.app/Contents/Eclipse/plugins/com.st.stm32cube.ide.mcu.externaltools.gnu-tools-for-stm32.14.3.rel1.macosaarch64_1.0.0.202602081740/tools/bin/../lib/gcc/arm-none-eabi/14.3.1/../../../../arm-none-eabi/lib/thumb/v8-m.main+fp/hard/libc_nano.a(libc_a-init.o)

.debug_line_str
                0x00000000       0x65
 .debug_line_str
                0x00000000       0x65 ./Core/Startup/startup_stm32u5a5zjtxq.o
