Archive member included to satisfy reference by file (symbol)

/Applications/STM32CubeIDE.app/Contents/Eclipse/plugins/com.st.stm32cube.ide.mcu.externaltools.gnu-tools-for-stm32.14.3.rel1.macosaarch64_1.0.0.202602081740/tools/bin/../lib/gcc/arm-none-eabi/14.3.1/../../../../arm-none-eabi/lib/thumb/v8-m.main+fp/hard/libc_nano.a(libc_a-exit.o)
                              /Applications/STM32CubeIDE.app/Contents/Eclipse/plugins/com.st.stm32cube.ide.mcu.externaltools.gnu-tools-for-stm32.14.3.rel1.macosaarch64_1.0.0.202602081740/tools/bin/../lib/gcc/arm-none-eabi/14.3.1/../../../../arm-none-eabi/lib/thumb/v8-m.main+fp/hard/crt0.o (exit)
/Applications/STM32CubeIDE.app/Contents/Eclipse/plugins/com.st.stm32cube.ide.mcu.externaltools.gnu-tools-for-stm32.14.3.rel1.macosaarch64_1.0.0.202602081740/tools/bin/../lib/gcc/arm-none-eabi/14.3.1/../../../../arm-none-eabi/lib/thumb/v8-m.main+fp/hard/libc_nano.a(libc_a-findfp.o)
                              /Applications/STM32CubeIDE.app/Contents/Eclipse/plugins/com.st.stm32cube.ide.mcu.externaltools.gnu-tools-for-stm32.14.3.rel1.macosaarch64_1.0.0.202602081740/tools/bin/../lib/gcc/arm-none-eabi/14.3.1/../../../../arm-none-eabi/lib/thumb/v8-m.main+fp/hard/libc_nano.a(libc_a-exit.o) (__stdio_exit_handler)
/Applications/STM32CubeIDE.app/Contents/Eclipse/plugins/com.st.stm32cube.ide.mcu.externaltools.gnu-tools-for-stm32.14.3.rel1.macosaarch64_1.0.0.202602081740/tools/bin/../lib/gcc/arm-none-eabi/14.3.1/../../../../arm-none-eabi/lib/thumb/v8-m.main+fp/hard/libc_nano.a(libc_a-fwalk.o)
                              /Applications/STM32CubeIDE.app/Contents/Eclipse/plugins/com.st.stm32cube.ide.mcu.externaltools.gnu-tools-for-stm32.14.3.rel1.macosaarch64_1.0.0.202602081740/tools/bin/../lib/gcc/arm-none-eabi/14.3.1/../../../../arm-none-eabi/lib/thumb/v8-m.main+fp/hard/libc_nano.a(libc_a-findfp.o) (_fwalk_sglue)
/Applications/STM32CubeIDE.app/Contents/Eclipse/plugins/com.st.stm32cube.ide.mcu.externaltools.gnu-tools-for-stm32.14.3.rel1.macosaarch64_1.0.0.202602081740/tools/bin/../lib/gcc/arm-none-eabi/14.3.1/../../../../arm-none-eabi/lib/thumb/v8-m.main+fp/hard/libc_nano.a(libc_a-memset.o)
                              /Applications/STM32CubeIDE.app/Contents/Eclipse/plugins/com.st.stm32cube.ide.mcu.externaltools.gnu-tools-for-stm32.14.3.rel1.macosaarch64_1.0.0.202602081740/tools/bin/../lib/gcc/arm-none-eabi/14.3.1/../../../../arm-none-eabi/lib/thumb/v8-m.main+fp/hard/crt0.o (memset)
/Applications/STM32CubeIDE.app/Contents/Eclipse/plugins/com.st.stm32cube.ide.mcu.externaltools.gnu-tools-for-stm32.14.3.rel1.macosaarch64_1.0.0.202602081740/tools/bin/../lib/gcc/arm-none-eabi/14.3.1/../../../../arm-none-eabi/lib/thumb/v8-m.main+fp/hard/libc_nano.a(libc_a-errno.o)
                              ./Core/Src/syscalls.o (__errno)
/Applications/STM32CubeIDE.app/Contents/Eclipse/plugins/com.st.stm32cube.ide.mcu.externaltools.gnu-tools-for-stm32.14.3.rel1.macosaarch64_1.0.0.202602081740/tools/bin/../lib/gcc/arm-none-eabi/14.3.1/../../../../arm-none-eabi/lib/thumb/v8-m.main+fp/hard/libc_nano.a(libc_a-init.o)
                              /Applications/STM32CubeIDE.app/Contents/Eclipse/plugins/com.st.stm32cube.ide.mcu.externaltools.gnu-tools-for-stm32.14.3.rel1.macosaarch64_1.0.0.202602081740/tools/bin/../lib/gcc/arm-none-eabi/14.3.1/../../../../arm-none-eabi/lib/thumb/v8-m.main+fp/hard/crt0.o (__libc_init_array)
/Applications/STM32CubeIDE.app/Contents/Eclipse/plugins/com.st.stm32cube.ide.mcu.externaltools.gnu-tools-for-stm32.14.3.rel1.macosaarch64_1.0.0.202602081740/tools/bin/../lib/gcc/arm-none-eabi/14.3.1/../../../../arm-none-eabi/lib/thumb/v8-m.main+fp/hard/libc_nano.a(libc_a-lock.o)
                              /Applications/STM32CubeIDE.app/Contents/Eclipse/plugins/com.st.stm32cube.ide.mcu.externaltools.gnu-tools-for-stm32.14.3.rel1.macosaarch64_1.0.0.202602081740/tools/bin/../lib/gcc/arm-none-eabi/14.3.1/../../../../arm-none-eabi/lib/thumb/v8-m.main+fp/hard/libc_nano.a(libc_a-findfp.o) (__retarget_lock_init_recursive)
/Applications/STM32CubeIDE.app/Contents/Eclipse/plugins/com.st.stm32cube.ide.mcu.externaltools.gnu-tools-for-stm32.14.3.rel1.macosaarch64_1.0.0.202602081740/tools/bin/../lib/gcc/arm-none-eabi/14.3.1/../../../../arm-none-eabi/lib/thumb/v8-m.main+fp/hard/libc_nano.a(libc_a-impure.o)
                              /Applications/STM32CubeIDE.app/Contents/Eclipse/plugins/com.st.stm32cube.ide.mcu.externaltools.gnu-tools-for-stm32.14.3.rel1.macosaarch64_1.0.0.202602081740/tools/bin/../lib/gcc/arm-none-eabi/14.3.1/../../../../arm-none-eabi/lib/thumb/v8-m.main+fp/hard/libc_nano.a(libc_a-errno.o) (_impure_ptr)
/Applications/STM32CubeIDE.app/Contents/Eclipse/plugins/com.st.stm32cube.ide.mcu.externaltools.gnu-tools-for-stm32.14.3.rel1.macosaarch64_1.0.0.202602081740/tools/bin/../lib/gcc/arm-none-eabi/14.3.1/../../../../arm-none-eabi/lib/thumb/v8-m.main+fp/hard/libc_nano.a(libc_a-mallocr.o)
[...]
Memory Configuration

Name             Origin             Length             Attributes
RAM              0x20000000         0x00020000         xrw
FLASH            0x08000000         0x00020000         xr
*default*        0x00000000         0xffffffff

Linker script and memory map

LOAD /Applications/STM32CubeIDE.app/Contents/Eclipse/plugins/com.st.stm32cube.ide.mcu.externaltools.gnu-tools-for-stm32.14.3.rel1.macosaarch64_1.0.0.202602081740/tools/bin/../lib/gcc/arm-none-eabi/14.3.1/thumb/v8-m.main+fp/hard/crti.o
LOAD /Applications/STM32CubeIDE.app/Contents/Eclipse/plugins/com.st.stm32cube.ide.mcu.externaltools.gnu-tools-for-stm32.14.3.rel1.macosaarch64_1.0.0.202602081740/tools/bin/../lib/gcc/arm-none-eabi/14.3.1/thumb/v8-m.main+fp/hard/crtbegin.o
LOAD /Applications/STM32CubeIDE.app/Contents/Eclipse/plugins/com.st.stm32cube.ide.mcu.externaltools.gnu-tools-for-stm32.14.3.rel1.macosaarch64_1.0.0.202602081740/tools/bin/../lib/gcc/arm-none-eabi/14.3.1/../../../../arm-none-eabi/lib/thumb/v8-m.main+fp/hard/crt0.o
LOAD ./Core/Src/main.o
LOAD ./Core/Src/stm32u5xx_hal_msp.o
LOAD ./Core/Src/stm32u5xx_it.o
LOAD ./Core/Src/syscalls.o
LOAD ./Core/Src/sysmem.o
LOAD ./Core/Src/system_stm32u5xx.o
LOAD ./Core/Startup/startup_stm32u5a5zjtxq.o
LOAD ./Drivers/STM32U5xx_HAL_Driver/Src/stm32u5xx_hal.o
LOAD ./Drivers/STM32U5xx_HAL_Driver/Src/stm32u5xx_hal_cortex.o
LOAD ./Drivers/STM32U5xx_HAL_Driver/Src/stm32u5xx_hal_dma.o
LOAD ./Drivers/STM32U5xx_HAL_Driver/Src/stm32u5xx_hal_dma_ex.o
LOAD ./Drivers/STM32U5xx_HAL_Driver/Src/stm32u5xx_hal_exti.o
LOAD ./Drivers/STM32U5xx_HAL_Driver/Src/stm32u5xx_hal_flash.o
LOAD ./Drivers/STM32U5xx_HAL_Driver/Src/stm32u5xx_hal_flash_ex.o
LOAD ./Drivers/STM32U5xx_HAL_Driver/Src/stm32u5xx_hal_gpio.o
LOAD ./Drivers/STM32U5xx_HAL_Driver/Src/stm32u5xx_hal_gtzc.o
LOAD ./Drivers/STM32U5xx_HAL_Driver/Src/stm32u5xx_hal_i2c.o
LOAD ./Drivers/STM32U5xx_HAL_Driver/Src/stm32u5xx_hal_i2c_ex.o
LOAD ./Drivers/STM32U5xx_HAL_Driver/Src/stm32u5xx_hal_icache.o
LOAD ./Drivers/STM32U5xx_HAL_Driver/Src/stm32u5xx_hal_pwr.o
LOAD ./Drivers/STM32U5xx_HAL_Driver/Src/stm32u5xx_hal_pwr_ex.o
LOAD ./Drivers/STM32U5xx_HAL_Driver/Src/stm32u5xx_hal_rcc.o
LOAD ./Drivers/STM32U5xx_HAL_Driver/Src/stm32u5xx_hal_rcc_ex.o
START GROUP
LOAD /Applications/STM32CubeIDE.app/Contents/Eclipse/plugins/com.st.stm32cube.ide.mcu.externaltools.gnu-tools-for-stm32.14.3.rel1.macosaarch64_1.0.0.202602081740/tools/bin/../lib/gcc/arm-none-eabi/14.3.1/../../../../arm-none-eabi/lib/thumb/v8-m.main+fp/hard/libc_nano.a
LOAD /Applications/STM32CubeIDE.app/Contents/Eclipse/plugins/com.st.stm32cube.ide.mcu.externaltools.gnu-tools-for-stm32.14.3.rel1.macosaarch64_1.0.0.202602081740/tools/bin/../lib/gcc/arm-none-eabi/14.3.1/../../../../arm-none-eabi/lib/thumb/v8-m.main+fp/hard/libm.a
END GROUP
START GROUP
LOAD /Applications/STM32CubeIDE.app/Contents/Eclipse/plugins/com.st.stm32cube.ide.mcu.externaltools.gnu-tools-for-stm32.14.3.rel1.macosaarch64_1.0.0.202602081740/tools/bin/../lib/gcc/arm-none-eabi/14.3.1/thumb/v8-m.main+fp/hard/libgcc.a
LOAD /Applications/STM32CubeIDE.app/Contents/Eclipse/plugins/com.st.stm32cube.ide.mcu.externaltools.gnu-tools-for-stm32.14.3.rel1.macosaarch64_1.0.0.202602081740/tools/bin/../lib/gcc/arm-none-eabi/14.3.1/../../../../arm-none-eabi/lib/thumb/v8-m.main+fp/hard/libc_nano.a
END GROUP
START GROUP
LOAD /Applications/STM32CubeIDE.app/Contents/Eclipse/plugins/com.st.stm32cube.ide.mcu.externaltools.gnu-tools-for-stm32.14.3.rel1.macosaarch64_1.0.0.202602081740/tools/bin/../lib/gcc/arm-none-eabi/14.3.1/thumb/v8-m.main+fp/hard/libgcc.a
LOAD /Applications/STM32CubeIDE.app/Contents/Eclipse/plugins/com.st.stm32cube.ide.mcu.externaltools.gnu-tools-for-stm32.14.3.rel1.macosaarch64_1.0.0.202602081740/tools/bin/../lib/gcc/arm-none-eabi/14.3.1/../../../../arm-none-eabi/lib/thumb/v8-m.main+fp/hard/libc_nano.a
LOAD /Applications/STM32CubeIDE.app/Contents/Eclipse/plugins/com.st.stm32cube.ide.mcu.externaltools.gnu-tools-for-stm32.14.3.rel1.macosaarch64_1.0.0.202602081740/tools/bin/../lib/gcc/arm-none-eabi/14.3.1/../../../../arm-none-eabi/lib/thumb/v8-m.main+fp/hard/libnosys.a
END GROUP
START GROUP
LOAD /Applications/STM32CubeIDE.app/Contents/Eclipse/plugins/com.st.stm32cube.ide.mcu.externaltools.gnu-tools-for-stm32.14.3.rel1.macosaarch64_1.0.0.202602081740/tools/bin/../lib/gcc/arm-none-eabi/14.3.1/thumb/v8-m.main+fp/hard/libgcc.a
LOAD /Applications/STM32CubeIDE.app/Contents/Eclipse/plugins/com.st.stm32cube.ide.mcu.externaltools.gnu-tools-for-stm32.14.3.rel1.macosaarch64_1.0.0.202602081740/tools/bin/../lib/gcc/arm-none-eabi/14.3.1/../../../../arm-none-eabi/lib/thumb/v8-m.main+fp/hard/libc_nano.a
LOAD /Applications/STM32CubeIDE.app/Contents/Eclipse/plugins/com.st.stm32cube.ide.mcu.externaltools.gnu-tools-for-stm32.14.3.rel1.macosaarch64_1.0.0.202602081740/tools/bin/../lib/gcc/arm-none-eabi/14.3.1/../../../../arm-none-eabi/lib/thumb/v8-m.main+fp/hard/libnosys.a
END GROUP
LOAD /Applications/STM32CubeIDE.app/Contents/Eclipse/plugins/com.st.stm32cube.ide.mcu.externaltools.gnu-tools-for-stm32.14.3.rel1.macosaarch64_1.0.0.202602081740/tools/bin/../lib/gcc/arm-none-eabi/14.3.1/thumb/v8-m.main+fp/hard/crtend.o
LOAD /Applications/STM32CubeIDE.app/Contents/Eclipse/plugins/com.st.stm32cube.ide.mcu.externaltools.gnu-tools-for-stm32.14.3.rel1.macosaarch64_1.0.0.202602081740/tools/bin/../lib/gcc/arm-none-eabi/14.3.1/thumb/v8-m.main+fp/hard/crtn.o
                0x20020000                        _estack = (ORIGIN (RAM) + LENGTH (RAM))
                0x2001fc00                        _sstack = (_estack - _Min_Stack_Size)
                0x00000200                        _Min_Heap_Size = 0x200
                0x00000400                        _Min_Stack_Size = 0x400

.isr_vector     0x08000000      0x250
 *(.isr_vector)
 .isr_vector    0x08000000      0x250 ./Core/Startup/startup_stm32u5a5zjtxq.o
                0x08000000                g_pfnVectors

.text           0x08000250     0x1df8
 *(.text)
 .text          0x08000250       0x40 /Applications/STM32CubeIDE.app/Contents/Eclipse/plugins/com.st.stm32cube.ide.mcu.externaltools.gnu-tools-for-stm32.14.3.rel1.macosaarch64_1.0.0.202602081740/tools/bin/../lib/gcc/arm-none-eabi/14.3.1/thumb/v8-m.main+fp/hard/crtbegin.o
 *(.text*)
 .text.main     0x08000290       0x1c ./Core/Src/main.o
                0x08000290                main
 .text.SystemClock_Config
                0x080002ac       0x92 ./Core/Src/main.o
                0x080002ac                SystemClock_Config
 *fill*         0x0800033e        0x2 
 .text.JumpToApplication
                0x08000340       0xe0 ./Core/Src/main.o
 .text.Error_Handler
                0x08000420        0xc ./Core/Src/main.o
                0x08000420                Error_Handler
 .text.HAL_MspInit
                0x0800042c       0x34 ./Core/Src/stm32u5xx_hal_msp.o
                0x0800042c                HAL_MspInit
 .text.NMI_Handler
                0x08000460        0x8 ./Core/Src/stm32u5xx_it.o
                0x08000460                NMI_Handler
 .text.HardFault_Handler
                0x08000468        0x8 ./Core/Src/stm32u5xx_it.o
                0x08000468                HardFault_Handler
 .text.MemManage_Handler
                0x08000470        0x8 ./Core/Src/stm32u5xx_it.o
                0x08000470                MemManage_Handler
 .text.BusFault_Handler
                0x08000478        0x8 ./Core/Src/stm32u5xx_it.o
                0x08000478                BusFault_Handler
 .text.UsageFault_Handler
                0x08000480        0x8 ./Core/Src/stm32u5xx_it.o
                0x08000480                UsageFault_Handler
 .text.SVC_Handler
                0x08000488        0xe ./Core/Src/stm32u5xx_it.o
                0x08000488                SVC_Handler
 .text.DebugMon_Handler
                0x08000496        0xe ./Core/Src/stm32u5xx_it.o
                0x08000496                DebugMon_Handler
 .text.PendSV_Handler
                0x080004a4        0xe ./Core/Src/stm32u5xx_it.o
                0x080004a4                PendSV_Handler
 .text.SysTick_Handler
                0x080004b2        0xc ./Core/Src/stm32u5xx_it.o
                0x080004b2                SysTick_Handler
 *fill*         0x080004be        0x2 
 .text.SystemInit
                0x080004c0       0x70 ./Core/Src/system_stm32u5xx.o
                0x080004c0                SystemInit
 .text.Reset_Handler
                0x08000530       0x50 ./Core/Startup/startup_stm32u5a5zjtxq.o
                0x08000530                Reset_Handler
 .text.Default_Handler
                0x08000580        0x2 ./Core/Startup/startup_stm32u5a5zjtxq.o
                0x08000580                HASH_IRQHandler
                0x08000580                TIM8_TRG_COM_IRQHandler
                0x08000580                TIM8_CC_IRQHandler
                0x08000580                EXTI5_IRQHandler
                0x08000580                FLASH_S_IRQHandler
                0x08000580                EXTI13_IRQHandler
                0x08000580                TIM1_CC_IRQHandler
                0x08000580                TSC_IRQHandler
                0x08000580                TAMP_IRQHandler
                0x08000580                TIM6_IRQHandler
                0x08000580                EXTI12_IRQHandler
                0x08000580                CORDIC_IRQHandler
                0x08000580                EXTI3_IRQHandler
                0x08000580                LPTIM4_IRQHandler
                0x08000580                GPDMA1_Channel5_IRQHandler
                0x08000580                EXTI8_IRQHandler
                0x08000580                LPTIM2_IRQHandler
                0x08000580                I2C3_ER_IRQHandler
                0x08000580                I2C5_EV_IRQHandler
                0x08000580                PWR_S3WU_IRQHandler
                0x08000580                MDF1_FLT2_IRQHandler
                0x08000580                LPDMA1_Channel3_IRQHandler
                0x08000580                LPTIM3_IRQHandler
                0x08000580                EXTI0_IRQHandler
                0x08000580                I2C2_EV_IRQHandler
                0x08000580                FPU_IRQHandler
                0x08000580                GPDMA1_Channel3_IRQHandler
                0x08000580                GPDMA1_Channel7_IRQHandler
                0x08000580                MDF1_FLT4_IRQHandler
                0x08000580                FDCAN1_IT1_IRQHandler
                0x08000580                RAMCFG_IRQHandler
                0x08000580                ADC1_2_IRQHandler
                0x08000580                GPDMA1_Channel9_IRQHandler
                0x08000580                DCACHE1_IRQHandler
                0x08000580                SPI1_IRQHandler
                0x08000580                OCTOSPI1_IRQHandler
                0x08000580                GPDMA1_Channel2_IRQHandler
                0x08000580                TIM8_UP_IRQHandler
                0x08000580                RCC_S_IRQHandler
                0x08000580                OCTOSPI2_IRQHandler
                0x08000580                SAI2_IRQHandler
                0x08000580                MDF1_FLT1_IRQHandler
                0x08000580                PKA_IRQHandler
                0x08000580                USART6_IRQHandler
                0x08000580                MDF1_FLT5_IRQHandler
                0x08000580                EXTI15_IRQHandler
                0x08000580                TIM17_IRQHandler
                0x08000580                USART3_IRQHandler
                0x08000580                RTC_IRQHandler
                0x08000580                EXTI9_IRQHandler
                0x08000580                HSPI1_IRQHandler
                0x08000580                UART5_IRQHandler
                0x08000580                TIM4_IRQHandler
                0x08000580                I2C1_EV_IRQHandler
                0x08000580                GPDMA1_Channel12_IRQHandler
                0x08000580                GPDMA1_Channel1_IRQHandler
                0x08000580                TIM16_IRQHandler
                0x08000580                GPDMA1_Channel15_IRQHandler
                0x08000580                UART4_IRQHandler
                0x08000580                SecureFault_Handler
                0x08000580                TIM3_IRQHandler
                0x08000580                RCC_IRQHandler
                0x08000580                TIM1_TRG_COM_IRQHandler
                0x08000580                Default_Handler
                0x08000580                GPDMA1_Channel8_IRQHandler
                0x08000580                FMAC_IRQHandler
                0x08000580                I2C5_ER_IRQHandler
                0x08000580                OTFDEC1_IRQHandler
                0x08000580                GPDMA1_Channel11_IRQHandler
                0x08000580                TIM7_IRQHandler
                0x08000580                SDMMC1_IRQHandler
                0x08000580                SAES_IRQHandler
                0x08000580                TIM5_IRQHandler
                0x08000580                UCPD1_IRQHandler
                0x08000580                GPDMA1_Channel0_IRQHandler
                0x08000580                TIM15_IRQHandler
                0x08000580                I2C3_EV_IRQHandler
                0x08000580                LPDMA1_Channel0_IRQHandler
                0x08000580                PVD_PVM_IRQHandler
                0x08000580                SPI2_IRQHandler
                0x08000580                LPDMA1_Channel1_IRQHandler
                0x08000580                EXTI14_IRQHandler
                0x08000580                EXTI11_IRQHandler
                0x08000580                OTFDEC2_IRQHandler
                0x08000580                CRS_IRQHandler
                0x08000580                GPDMA1_Channel14_IRQHandler
                0x08000580                LSECSSD_IRQHandler
                0x08000580                EXTI4_IRQHandler
                0x08000580                RTC_S_IRQHandler
                0x08000580                GPDMA1_Channel13_IRQHandler
                0x08000580                RNG_IRQHandler
                0x08000580                COMP_IRQHandler
                0x08000580                TIM1_UP_IRQHandler
                0x08000580                ADC4_IRQHandler
                0x08000580                WWDG_IRQHandler
                0x08000580                I2C4_EV_IRQHandler
                0x08000580                ADF1_IRQHandler
                0x08000580                IWDG_IRQHandler
                0x08000580                I2C6_ER_IRQHandler
                0x08000580                LPUART1_IRQHandler
                0x08000580                MDF1_FLT0_IRQHandler
                0x08000580                FDCAN1_IT0_IRQHandler
                0x08000580                TIM2_IRQHandler
                0x08000580                GPDMA1_Channel4_IRQHandler
                0x08000580                OTG_HS_IRQHandler
                0x08000580                EXTI7_IRQHandler
                0x08000580                DMA2D_IRQHandler
                0x08000580                TIM1_BRK_IRQHandler
                0x08000580                EXTI1_IRQHandler
                0x08000580                SDMMC2_IRQHandler
                0x08000580                AES_IRQHandler
                0x08000580                DAC1_IRQHandler
                0x08000580                GTZC_IRQHandler
                0x08000580                MDF1_FLT3_IRQHandler
                0x08000580                USART2_IRQHandler
                0x08000580                I2C6_EV_IRQHandler
                0x08000580                GPDMA1_Channel6_IRQHandler
                0x08000580                I2C2_ER_IRQHandler
                0x08000580                TIM8_BRK_IRQHandler
                0x08000580                FLASH_IRQHandler
                0x08000580                USART1_IRQHandler
                0x08000580                EXTI10_IRQHandler
                0x08000580                SPI3_IRQHandler
                0x08000580                LPDMA1_Channel2_IRQHandler
                0x08000580                I2C1_ER_IRQHandler
                0x08000580                FMC_IRQHandler
                0x08000580                EXTI6_IRQHandler
                0x08000580                LPTIM1_IRQHandler
                0x08000580                DCMI_PSSI_IRQHandler
                0x08000580                I2C4_ER_IRQHandler
                0x08000580                GPDMA1_Channel10_IRQHandler
                0x08000580                ICACHE_IRQHandler
                0x08000580                SAI1_IRQHandler
                0x08000580                EXTI2_IRQHandler
 *fill*         0x08000582        0x2 
 .text.HAL_Init
                0x08000584       0x60 ./Drivers/STM32U5xx_HAL_Driver/Src/stm32u5xx_hal.o
                0x08000584                HAL_Init
 .text.HAL_InitTick
                0x080005e4       0xec ./Drivers/STM32U5xx_HAL_Driver/Src/stm32u5xx_hal.o
                0x080005e4                HAL_InitTick
 .text.HAL_IncTick
                0x080006d0       0x28 ./Drivers/STM32U5xx_HAL_Driver/Src/stm32u5xx_hal.o
                0x080006d0                HAL_IncTick
 .text.HAL_GetTick
                0x080006f8       0x18 ./Drivers/STM32U5xx_HAL_Driver/Src/stm32u5xx_hal.o
                0x080006f8                HAL_GetTick
 .text.__NVIC_SetPriorityGrouping
                0x08000710       0x48 ./Drivers/STM32U5xx_HAL_Driver/Src/stm32u5xx_hal_cortex.o
 .text.__NVIC_GetPriorityGrouping
                0x08000758       0x1c ./Drivers/STM32U5xx_HAL_Driver/Src/stm32u5xx_hal_cortex.o
 .text.__NVIC_SetPriority
                0x08000774       0x54 ./Drivers/STM32U5xx_HAL_Driver/Src/stm32u5xx_hal_cortex.o
 .text.NVIC_EncodePriority
                0x080007c8       0x66 ./Drivers/STM32U5xx_HAL_Driver/Src/stm32u5xx_hal_cortex.o
 .text.HAL_NVIC_SetPriorityGrouping
                0x0800082e       0x16 ./Drivers/STM32U5xx_HAL_Driver/Src/stm32u5xx_hal_cortex.o
                0x0800082e                HAL_NVIC_SetPriorityGrouping
 .text.HAL_NVIC_SetPriority
                0x08000844       0x34 ./Drivers/STM32U5xx_HAL_Driver/Src/stm32u5xx_hal_cortex.o
                0x08000844                HAL_NVIC_SetPriority
 .text.HAL_SYSTICK_Config
                0x08000878       0x44 ./Drivers/STM32U5xx_HAL_Driver/Src/stm32u5xx_hal_cortex.o
                0x08000878                HAL_SYSTICK_Config
 .text.HAL_SYSTICK_CLKSourceConfig
                0x080008bc       0xb0 ./Drivers/STM32U5xx_HAL_Driver/Src/stm32u5xx_hal_cortex.o
                0x080008bc                HAL_SYSTICK_CLKSourceConfig
 .text.HAL_SYSTICK_GetCLKSourceConfig
                0x0800096c       0x74 ./Drivers/STM32U5xx_HAL_Driver/Src/stm32u5xx_hal_cortex.o
                0x0800096c                HAL_SYSTICK_GetCLKSourceConfig
 .text.HAL_PWREx_ControlVoltageScaling
                0x080009e0       0xfc ./Drivers/STM32U5xx_HAL_Driver/Src/stm32u5xx_hal_pwr_ex.o
                0x080009e0                HAL_PWREx_ControlVoltageScaling
 .text.HAL_PWREx_GetVoltageRange
                0x08000adc       0x1c ./Drivers/STM32U5xx_HAL_Driver/Src/stm32u5xx_hal_pwr_ex.o
                0x08000adc                HAL_PWREx_GetVoltageRange
 .text.HAL_RCC_OscConfig
                0x08000af8      0xdb8 ./Drivers/STM32U5xx_HAL_Driver/Src/stm32u5xx_hal_rcc.o
                0x08000af8                HAL_RCC_OscConfig
 .text.HAL_RCC_ClockConfig
                0x080018b0      0x3e4 ./Drivers/STM32U5xx_HAL_Driver/Src/stm32u5xx_hal_rcc.o
                0x080018b0                HAL_RCC_ClockConfig
 .text.HAL_RCC_GetSysClockFreq
                0x08001c94      0x204 ./Drivers/STM32U5xx_HAL_Driver/Src/stm32u5xx_hal_rcc.o
                0x08001c94                HAL_RCC_GetSysClockFreq
 .text.HAL_RCC_GetHCLKFreq
                0x08001e98       0x34 ./Drivers/STM32U5xx_HAL_Driver/Src/stm32u5xx_hal_rcc.o
                0x08001e98                HAL_RCC_GetHCLKFreq
 .text.RCC_SetFlashLatencyFromMSIRange
                0x08001ecc      0x10c ./Drivers/STM32U5xx_HAL_Driver/Src/stm32u5xx_hal_rcc.o
 .text.memset   0x08001fd8       0x10 /Applications/STM32CubeIDE.app/Contents/Eclipse/plugins/com.st.stm32cube.ide.mcu.externaltools.gnu-tools-for-stm32.14.3.rel1.macosaarch64_1.0.0.202602081740/tools/bin/../lib/gcc/arm-none-eabi/14.3.1/../../../../arm-none-eabi/lib/thumb/v8-m.main+fp/hard/libc_nano.a(libc_a-memset.o)
                0x08001fd8                memset
 .text.__libc_init_array
                0x08001fe8       0x48 /Applications/STM32CubeIDE.app/Contents/Eclipse/plugins/com.st.stm32cube.ide.mcu.externaltools.gnu-tools-for-stm32.14.3.rel1.macosaarch64_1.0.0.202602081740/tools/bin/../lib/gcc/arm-none-eabi/14.3.1/../../../../arm-none-eabi/lib/thumb/v8-m.main+fp/hard/libc_nano.a(libc_a-init.o)
                0x08001fe8                __libc_init_array
 *(.glue_7)
 .glue_7        0x08002030        0x0 linker stubs
 *(.glue_7t)
 .glue_7t       0x08002030        0x0 linker stubs
 *(.eh_frame)
 .eh_frame      0x08002030        0x0 /Applications/STM32CubeIDE.app/Contents/Eclipse/plugins/com.st.stm32cube.ide.mcu.externaltools.gnu-tools-for-stm32.14.3.rel1.macosaarch64_1.0.0.202602081740/tools/bin/../lib/gcc/arm-none-eabi/14.3.1/thumb/v8-m.main+fp/hard/crtbegin.o
 *(.init)
 .init          0x08002030        0x4 /Applications/STM32CubeIDE.app/Contents/Eclipse/plugins/com.st.stm32cube.ide.mcu.externaltools.gnu-tools-for-stm32.14.3.rel1.macosaarch64_1.0.0.202602081740/tools/bin/../lib/gcc/arm-none-eabi/14.3.1/thumb/v8-m.main+fp/hard/crti.o
                0x08002030                _init
 .init          0x08002034        0x8 /Applications/STM32CubeIDE.app/Contents/Eclipse/plugins/com.st.stm32cube.ide.mcu.externaltools.gnu-tools-for-stm32.14.3.rel1.macosaarch64_1.0.0.202602081740/tools/bin/../lib/gcc/arm-none-eabi/14.3.1/thumb/v8-m.main+fp/hard/crtn.o
 *(.fini)
 .fini          0x0800203c        0x4 /Applications/STM32CubeIDE.app/Contents/Eclipse/plugins/com.st.stm32cube.ide.mcu.externaltools.gnu-tools-for-stm32.14.3.rel1.macosaarch64_1.0.0.202602081740/tools/bin/../lib/gcc/arm-none-eabi/14.3.1/thumb/v8-m.main+fp/hard/crti.o
                0x0800203c                _fini
 .fini          0x08002040        0x8 /Applications/STM32CubeIDE.app/Contents/Eclipse/plugins/com.st.stm32cube.ide.mcu.externaltools.gnu-tools-for-stm32.14.3.rel1.macosaarch64_1.0.0.202602081740/tools/bin/../lib/gcc/arm-none-eabi/14.3.1/thumb/v8-m.main+fp/hard/crtn.o
                0x08002048                        _etext = .

.vfp11_veneer   0x08002048        0x0
 .vfp11_veneer  0x08002048        0x0 linker stubs

.v4_bx          0x08002048        0x0
 .v4_bx         0x08002048        0x0 linker stubs

.iplt           0x08002048        0x0
 .iplt          0x08002048        0x0 /Applications/STM32CubeIDE.app/Contents/Eclipse/plugins/com.st.stm32cube.ide.mcu.externaltools.gnu-tools-for-stm32.14.3.rel1.macosaarch64_1.0.0.202602081740/tools/bin/../lib/gcc/arm-none-eabi/14.3.1/thumb/v8-m.main+fp/hard/crtbegin.o

.rodata         0x08002048       0x50
 *(.rodata)
 *(.rodata*)
 .rodata.AHBPrescTable
                0x08002048       0x10 ./Core/Src/system_stm32u5xx.o
                0x08002048                AHBPrescTable
 .rodata.MSIRangeTable
                0x08002058       0x40 ./Core/Src/system_stm32u5xx.o
                0x08002058                MSIRangeTable

.ARM.extab
 *(.ARM.extab* .gnu.linkonce.armextab.*)

.ARM            0x08002098        0x0
                0x08002098                        __exidx_start = .
 *(.ARM.exidx*)
                0x08002098                        __exidx_end = .

.preinit_array  0x08002098        0x0
                0x08002098                        PROVIDE (__preinit_array_start = .)
 *(.preinit_array*)
                0x08002098                        PROVIDE (__preinit_array_end = .)

.init_array     0x08002098        0x4
                0x08002098                        PROVIDE (__init_array_start = .)
 *(SORT_BY_NAME(.init_array.*))
 *(.init_array*)
 .init_array    0x08002098        0x4 /Applications/STM32CubeIDE.app/Contents/Eclipse/plugins/com.st.stm32cube.ide.mcu.externaltools.gnu-tools-for-stm32.14.3.rel1.macosaarch64_1.0.0.202602081740/tools/bin/../lib/gcc/arm-none-eabi/14.3.1/thumb/v8-m.main+fp/hard/crtbegin.o
                0x0800209c                        PROVIDE (__init_array_end = .)

.fini_array     0x0800209c        0x4
                [!provide]                        PROVIDE (__fini_array_start = .)
 *(SORT_BY_NAME(.fini_array.*))
 *(.fini_array*)
 .fini_array    0x0800209c        0x4 /Applications/STM32CubeIDE.app/Contents/Eclipse/plugins/com.st.stm32cube.ide.mcu.externaltools.gnu-tools-for-stm32.14.3.rel1.macosaarch64_1.0.0.202602081740/tools/bin/../lib/gcc/arm-none-eabi/14.3.1/thumb/v8-m.main+fp/hard/crtbegin.o
                [!provide]                        PROVIDE (__fini_array_end = .)
                0x080020a0                        _sidata = LOADADDR (.data)

.rel.dyn        0x080020a0        0x0
 .rel.iplt      0x080020a0        0x0 /Applications/STM32CubeIDE.app/Contents/Eclipse/plugins/com.st.stm32cube.ide.mcu.externaltools.gnu-tools-for-stm32.14.3.rel1.macosaarch64_1.0.0.202602081740/tools/bin/../lib/gcc/arm-none-eabi/14.3.1/thumb/v8-m.main+fp/hard/crtbegin.o

.data           0x20000000        0x9 load address 0x080020a0
                0x20000000                        _sdata = .
 *(.data)
 *(.data*)
 .data.SystemCoreClock
                0x20000000        0x4 ./Core/Src/system_stm32u5xx.o
                0x20000000                SystemCoreClock
 .data.uwTickPrio
                0x20000004        0x4 ./Drivers/STM32U5xx_HAL_Driver/Src/stm32u5xx_hal.o
                0x20000004                uwTickPrio
 .data.uwTickFreq
                0x20000008        0x1 ./Drivers/STM32U5xx_HAL_Driver/Src/stm32u5xx_hal.o
                0x20000008                uwTickFreq
 *(.RamFunc)
 *(.RamFunc*)
                0x20000009                        _edata = .

.igot.plt       0x2000000c        0x0 load address 0x080020a9
 .igot.plt      0x2000000c        0x0 /Applications/STM32CubeIDE.app/Contents/Eclipse/plugins/com.st.stm32cube.ide.mcu.externaltools.gnu-tools-for-stm32.14.3.rel1.macosaarch64_1.0.0.202602081740/tools/bin/../lib/gcc/arm-none-eabi/14.3.1/thumb/v8-m.main+fp/hard/crtbegin.o

.bss            0x2000000c       0x20 load address 0x080020a9
                0x2000000c                        _sbss = .
                0x2000000c                        __bss_start__ = _sbss
 *(.bss)
 .bss           0x2000000c       0x1c /Applications/STM32CubeIDE.app/Contents/Eclipse/plugins/com.st.stm32cube.ide.mcu.externaltools.gnu-tools-for-stm32.14.3.rel1.macosaarch64_1.0.0.202602081740/tools/bin/../lib/gcc/arm-none-eabi/14.3.1/thumb/v8-m.main+fp/hard/crtbegin.o
 *(.bss*)
 .bss.uwTick    0x20000028        0x4 ./Drivers/STM32U5xx_HAL_Driver/Src/stm32u5xx_hal.o
                0x20000028                uwTick
 *(COMMON)
                0x2000002c                        _ebss = .
                0x2000002c                        __bss_end__ = _ebss

._user_heap_stack
                0x2000002c      0x604 load address 0x080020a9
                0x20000030                        . = ALIGN (0x8)
 *fill*         0x2000002c        0x4 
                [!provide]                        PROVIDE (end = .)
                0x20000030                        PROVIDE (_end = .)
                0x20000230                        . = (. + _Min_Heap_Size)
 *fill*         0x20000030      0x200 
                0x20000630                        . = (. + _Min_Stack_Size)
 *fill*         0x20000230      0x400 
                0x20000630                        . = ALIGN (0x8)

/DISCARD/
 libc.a(*)
 libm.a(*)
 libgcc.a(*)

.ARM.attributes
                0x00000000       0x36
 *(.ARM.attributes)
 .ARM.attributes
                0x00000000       0x26 /Applications/STM32CubeIDE.app/Contents/Eclipse/plugins/com.st.stm32cube.ide.mcu.externaltools.gnu-tools-for-stm32.14.3.rel1.macosaarch64_1.0.0.202602081740/tools/bin/../lib/gcc/arm-none-eabi/14.3.1/thumb/v8-m.main+fp/hard/crti.o
 .ARM.attributes
                0x00000026       0x38 /Applications/STM32CubeIDE.app/Contents/Eclipse/plugins/com.st.stm32cube.ide.mcu.externaltools.gnu-tools-for-stm32.14.3.rel1.macosaarch64_1.0.0.202602081740/tools/bin/../lib/gcc/arm-none-eabi/14.3.1/thumb/v8-m.main+fp/hard/crtbegin.o
 .ARM.attributes
                0x0000005e       0x3a ./Core/Src/main.o
 .ARM.attributes
                0x00000098       0x3a ./Core/Src/stm32u5xx_hal_msp.o
 .ARM.attributes
                0x000000d2       0x3a ./Core/Src/stm32u5xx_it.o
 .ARM.attributes
                0x0000010c       0x3a ./Core/Src/system_stm32u5xx.o
 .ARM.attributes
                0x00000146       0x24 ./Core/Startup/startup_stm32u5a5zjtxq.o
 .ARM.attributes
                0x0000016a       0x3a ./Drivers/STM32U5xx_HAL_Driver/Src/stm32u5xx_hal.o
 .ARM.attributes
                0x000001a4       0x3a ./Drivers/STM32U5xx_HAL_Driver/Src/stm32u5xx_hal_cortex.o
 .ARM.attributes
                0x000001de       0x3a ./Drivers/STM32U5xx_HAL_Driver/Src/stm32u5xx_hal_pwr_ex.o
 .ARM.attributes
                0x00000218       0x3a ./Drivers/STM32U5xx_HAL_Driver/Src/stm32u5xx_hal_rcc.o
 .ARM.attributes
                0x00000252       0x38 /Applications/STM32CubeIDE.app/Contents/Eclipse/plugins/com.st.stm32cube.ide.mcu.externaltools.gnu-tools-for-stm32.14.3.rel1.macosaarch64_1.0.0.202602081740/tools/bin/../lib/gcc/arm-none-eabi/14.3.1/../../../../arm-none-eabi/lib/thumb/v8-m.main+fp/hard/libc_nano.a(libc_a-memset.o)
 .ARM.attributes
                0x0000028a       0x38 /Applications/STM32CubeIDE.app/Contents/Eclipse/plugins/com.st.stm32cube.ide.mcu.externaltools.gnu-tools-for-stm32.14.3.rel1.macosaarch64_1.0.0.202602081740/tools/bin/../lib/gcc/arm-none-eabi/14.3.1/../../../../arm-none-eabi/lib/thumb/v8-m.main+fp/hard/libc_nano.a(libc_a-init.o)
 .ARM.attributes
                0x000002c2       0x26 /Applications/STM32CubeIDE.app/Contents/Eclipse/plugins/com.st.stm32cube.ide.mcu.externaltools.gnu-tools-for-stm32.14.3.rel1.macosaarch64_1.0.0.202602081740/tools/bin/../lib/gcc/arm-none-eabi/14.3.1/thumb/v8-m.main+fp/hard/crtn.o
OUTPUT(U5A5_NonSecure_Test.elf elf32-littlearm)
LOAD linker stubs
LOAD /Applications/STM32CubeIDE.app/Contents/Eclipse/plugins/com.st.stm32cube.ide.mcu.externaltools.gnu-tools-for-stm32.14.3.rel1.macosaarch64_1.0.0.202602081740/tools/bin/../lib/gcc/arm-none-eabi/14.3.1/../../../../arm-none-eabi/lib/thumb/v8-m.main+fp/hard/libc.a
LOAD /Applications/STM32CubeIDE.app/Contents/Eclipse/plugins/com.st.stm32cube.ide.mcu.externaltools.gnu-tools-for-stm32.14.3.rel1.macosaarch64_1.0.0.202602081740/tools/bin/../lib/gcc/arm-none-eabi/14.3.1/../../../../arm-none-eabi/lib/thumb/v8-m.main+fp/hard/libm.a
LOAD /Applications/STM32CubeIDE.app/Contents/Eclipse/plugins/com.st.stm32cube.ide.mcu.externaltools.gnu-tools-for-stm32.14.3.rel1.macosaarch64_1.0.0.202602081740/tools/bin/../lib/gcc/arm-none-eabi/14.3.1/thumb/v8-m.main+fp/hard/libgcc.a

.debug_info     0x00000000     0x63db
 .debug_info    0x00000000      0x89b ./Core/Src/main.o
 .debug_info    0x0000089b      0x40c ./Core/Src/stm32u5xx_hal_msp.o
 .debug_info    0x00000ca7      0x128 ./Core/Src/stm32u5xx_it.o
 .debug_info    0x00000dcf      0x929 ./Core/Src/system_stm32u5xx.o
 .debug_info    0x000016f8       0x30 ./Core/Startup/startup_stm32u5a5zjtxq.o
 .debug_info    0x00001728     0x147c ./Drivers/STM32U5xx_HAL_Driver/Src/stm32u5xx_hal.o
 .debug_info    0x00002ba4     0x167b ./Drivers/STM32U5xx_HAL_Driver/Src/stm32u5xx_hal_cortex.o
 .debug_info    0x0000421f      0xf0c ./Drivers/STM32U5xx_HAL_Driver/Src/stm32u5xx_hal_pwr_ex.o
 .debug_info    0x0000512b     0x12b0 ./Drivers/STM32U5xx_HAL_Driver/Src/stm32u5xx_hal_rcc.o

.debug_abbrev   0x00000000      0xfb1
 .debug_abbrev  0x00000000      0x23a ./Core/Src/main.o
 .debug_abbrev  0x0000023a       0xde ./Core/Src/stm32u5xx_hal_msp.o
 .debug_abbrev  0x00000318       0x73 ./Core/Src/stm32u5xx_it.o
 .debug_abbrev  0x0000038b      0x129 ./Core/Src/system_stm32u5xx.o
 .debug_abbrev  0x000004b4       0x24 ./Core/Startup/startup_stm32u5a5zjtxq.o
 .debug_abbrev  0x000004d8      0x2a4 ./Drivers/STM32U5xx_HAL_Driver/Src/stm32u5xx_hal.o
 .debug_abbrev  0x0000077c      0x327 ./Drivers/STM32U5xx_HAL_Driver/Src/stm32u5xx_hal_cortex.o
 .debug_abbrev  0x00000aa3      0x243 ./Drivers/STM32U5xx_HAL_Driver/Src/stm32u5xx_hal_pwr_ex.o
 .debug_abbrev  0x00000ce6      0x2cb ./Drivers/STM32U5xx_HAL_Driver/Src/stm32u5xx_hal_rcc.o

.debug_aranges  0x00000000      0x6c8
 .debug_aranges
                0x00000000       0x38 ./Core/Src/main.o
 .debug_aranges
                0x00000038       0x20 ./Core/Src/stm32u5xx_hal_msp.o
 .debug_aranges
                0x00000058       0x60 ./Core/Src/stm32u5xx_it.o
 .debug_aranges
                0x000000b8       0x28 ./Core/Src/system_stm32u5xx.o
 .debug_aranges
                0x000000e0       0x28 ./Core/Startup/startup_stm32u5a5zjtxq.o
 .debug_aranges
                0x00000108      0x1a8 ./Drivers/STM32U5xx_HAL_Driver/Src/stm32u5xx_hal.o
 .debug_aranges
                0x000002b0      0x140 ./Drivers/STM32U5xx_HAL_Driver/Src/stm32u5xx_hal_cortex.o
 .debug_aranges
                0x000003f0      0x230 ./Drivers/STM32U5xx_HAL_Driver/Src/stm32u5xx_hal_pwr_ex.o
 .debug_aranges
                0x00000620       0xa8 ./Drivers/STM32U5xx_HAL_Driver/Src/stm32u5xx_hal_rcc.o

.debug_rnglists
                0x00000000      0x500
 .debug_rnglists
                0x00000000       0x27 ./Core/Src/main.o
 .debug_rnglists
                0x00000027       0x13 ./Core/Src/stm32u5xx_hal_msp.o
 .debug_rnglists
                0x0000003a       0x43 ./Core/Src/stm32u5xx_it.o
 .debug_rnglists
                0x0000007d       0x1a ./Core/Src/system_stm32u5xx.o
 .debug_rnglists
                0x00000097       0x19 ./Core/Startup/startup_stm32u5a5zjtxq.o
 .debug_rnglists
                0x000000b0      0x13b ./Drivers/STM32U5xx_HAL_Driver/Src/stm32u5xx_hal.o
 .debug_rnglists
                0x000001eb       0xec ./Drivers/STM32U5xx_HAL_Driver/Src/stm32u5xx_hal_cortex.o
 .debug_rnglists
                0x000002d7      0x1aa ./Drivers/STM32U5xx_HAL_Driver/Src/stm32u5xx_hal_pwr_ex.o
 .debug_rnglists
                0x00000481       0x7f ./Drivers/STM32U5xx_HAL_Driver/Src/stm32u5xx_hal_rcc.o

.debug_macro    0x00000000    0x3325e
 .debug_macro   0x00000000      0x265 ./Core/Src/main.o
 .debug_macro   0x00000265      0xade ./Core/Src/main.o
 .debug_macro   0x00000d43      0x1f5 ./Core/Src/main.o
 .debug_macro   0x00000f38       0x2e ./Core/Src/main.o
 .debug_macro   0x00000f66       0x42 ./Core/Src/main.o
 .debug_macro   0x00000fa8       0x22 ./Core/Src/main.o
 .debug_macro   0x00000fca       0x8e ./Core/Src/main.o
 .debug_macro   0x00001058       0x51 ./Core/Src/main.o
 .debug_macro   0x000010a9      0x103 ./Core/Src/main.o
 .debug_macro   0x000011ac       0x6a ./Core/Src/main.o
 .debug_macro   0x00001216      0x1df ./Core/Src/main.o
 .debug_macro   0x000013f5       0x1c ./Core/Src/main.o
 .debug_macro   0x00001411       0x29 ./Core/Src/main.o
 .debug_macro   0x0000143a       0xfb ./Core/Src/main.o
 .debug_macro   0x00001535     0x1685 ./Core/Src/main.o
 .debug_macro   0x00002bba       0x5e ./Core/Src/main.o
 .debug_macro   0x00002c18    0x260d1 ./Core/Src/main.o
 .debug_macro   0x00028ce9       0x6d ./Core/Src/main.o
 .debug_macro   0x00028d56     0x393e ./Core/Src/main.o
 .debug_macro   0x0002c694      0x190 ./Core/Src/main.o
 .debug_macro   0x0002c824       0x61 ./Core/Src/main.o
 .debug_macro   0x0002c885       0x2a ./Core/Src/main.o
 .debug_macro   0x0002c8af       0x43 ./Core/Src/main.o
 .debug_macro   0x0002c8f2       0x34 ./Core/Src/main.o
 .debug_macro   0x0002c926      0x364 ./Core/Src/main.o
 .debug_macro   0x0002cc8a       0x16 ./Core/Src/main.o
 .debug_macro   0x0002cca0       0x4a ./Core/Src/main.o
 .debug_macro   0x0002ccea       0x34 ./Core/Src/main.o
 .debug_macro   0x0002cd1e       0x10 ./Core/Src/main.o
 .debug_macro   0x0002cd2e       0x58 ./Core/Src/main.o
 .debug_macro   0x0002cd86       0x8e ./Core/Src/main.o
 .debug_macro   0x0002ce14       0x1c ./Core/Src/main.o
 .debug_macro   0x0002ce30      0x17e ./Core/Src/main.o
 .debug_macro   0x0002cfae      0x19b ./Core/Src/main.o
 .debug_macro   0x0002d149       0x5d ./Core/Src/main.o
 .debug_macro   0x0002d1a6     0x1d23 ./Core/Src/main.o
 .debug_macro   0x0002eec9      0x8f4 ./Core/Src/main.o
 .debug_macro   0x0002f7bd      0x166 ./Core/Src/main.o
 .debug_macro   0x0002f923      0x2d8 ./Core/Src/main.o
 .debug_macro   0x0002fbfb       0xc9 ./Core/Src/main.o
 .debug_macro   0x0002fcc4      0x5eb ./Core/Src/main.o
 .debug_macro   0x000302af      0x463 ./Core/Src/main.o
 .debug_macro   0x00030712       0xd6 ./Core/Src/main.o
 .debug_macro   0x000307e8      0x1cd ./Core/Src/main.o
 .debug_macro   0x000309b5      0x432 ./Core/Src/main.o
 .debug_macro   0x00030de7       0x95 ./Core/Src/main.o
 .debug_macro   0x00030e7c      0x11c ./Core/Src/main.o
 .debug_macro   0x00030f98      0x52c ./Core/Src/main.o
 .debug_macro   0x000314c4      0x5d5 ./Core/Src/main.o
 .debug_macro   0x00031a99      0x1d3 ./Core/Src/main.o
 .debug_macro   0x00031c6c      0x448 ./Core/Src/main.o
 .debug_macro   0x000320b4      0x259 ./Core/Src/stm32u5xx_hal_msp.o
 .debug_macro   0x0003230d      0x263 ./Core/Src/stm32u5xx_it.o
 .debug_macro   0x00032570      0x256 ./Core/Src/system_stm32u5xx.o
 .debug_macro   0x000327c6      0x273 ./Drivers/STM32U5xx_HAL_Driver/Src/stm32u5xx_hal.o
 .debug_macro   0x00032a39      0x24f ./Drivers/STM32U5xx_HAL_Driver/Src/stm32u5xx_hal_cortex.o
 .debug_macro   0x00032c88      0x281 ./Drivers/STM32U5xx_HAL_Driver/Src/stm32u5xx_hal_pwr_ex.o
 .debug_macro   0x00032f09      0x355 ./Drivers/STM32U5xx_HAL_Driver/Src/stm32u5xx_hal_rcc.o

.debug_line     0x00000000     0x679f
 .debug_line    0x00000000      0x8fc ./Core/Src/main.o
 .debug_line    0x000008fc      0x7e1 ./Core/Src/stm32u5xx_hal_msp.o
 .debug_line    0x000010dd      0x891 ./Core/Src/stm32u5xx_it.o
 .debug_line    0x0000196e      0x8e6 ./Core/Src/system_stm32u5xx.o
 .debug_line    0x00002254       0x79 ./Core/Startup/startup_stm32u5a5zjtxq.o
 .debug_line    0x000022cd      0xdae ./Drivers/STM32U5xx_HAL_Driver/Src/stm32u5xx_hal.o
 .debug_line    0x0000307b      0xe35 ./Drivers/STM32U5xx_HAL_Driver/Src/stm32u5xx_hal_cortex.o
 .debug_line    0x00003eb0     0x127d ./Drivers/STM32U5xx_HAL_Driver/Src/stm32u5xx_hal_pwr_ex.o
 .debug_line    0x0000512d     0x1672 ./Drivers/STM32U5xx_HAL_Driver/Src/stm32u5xx_hal_rcc.o

.debug_str      0x00000000   0x141e2e
 .debug_str     0x00000000   0x141e2e ./Core/Src/main.o
                             0x13f32b (size before relaxing)
 .debug_str     0x00141e2e   0x13f0f6 ./Core/Src/stm32u5xx_hal_msp.o
 .debug_str     0x00141e2e   0x13ef43 ./Core/Src/stm32u5xx_it.o
 .debug_str     0x00141e2e   0x13f299 ./Core/Src/system_stm32u5xx.o
 .debug_str     0x00141e2e       0x8e ./Core/Startup/startup_stm32u5a5zjtxq.o
 .debug_str     0x00141e2e   0x14046d ./Drivers/STM32U5xx_HAL_Driver/Src/stm32u5xx_hal.o
 .debug_str     0x00141e2e   0x13ff61 ./Drivers/STM32U5xx_HAL_Driver/Src/stm32u5xx_hal_cortex.o
 .debug_str     0x00141e2e   0x13fadd ./Drivers/STM32U5xx_HAL_Driver/Src/stm32u5xx_hal_pwr_ex.o
 .debug_str     0x00141e2e   0x140a32 ./Drivers/STM32U5xx_HAL_Driver/Src/stm32u5xx_hal_rcc.o

.comment        0x00000000       0x43
 .comment       0x00000000       0x43 ./Core/Src/main.o
                                 0x44 (size before relaxing)
 .comment       0x00000043       0x44 ./Core/Src/stm32u5xx_hal_msp.o
 .comment       0x00000043       0x44 ./Core/Src/stm32u5xx_it.o
 .comment       0x00000043       0x44 ./Core/Src/system_stm32u5xx.o
 .comment       0x00000043       0x44 ./Drivers/STM32U5xx_HAL_Driver/Src/stm32u5xx_hal.o
 .comment       0x00000043       0x44 ./Drivers/STM32U5xx_HAL_Driver/Src/stm32u5xx_hal_cortex.o
 .comment       0x00000043       0x44 ./Drivers/STM32U5xx_HAL_Driver/Src/stm32u5xx_hal_pwr_ex.o
 .comment       0x00000043       0x44 ./Drivers/STM32U5xx_HAL_Driver/Src/stm32u5xx_hal_rcc.o

.debug_frame    0x00000000     0x17e0
 .debug_frame   0x00000000       0x8c ./Core/Src/main.o
 .debug_frame   0x0000008c       0x34 ./Core/Src/stm32u5xx_hal_msp.o
 .debug_frame   0x000000c0       0xf8 ./Core/Src/stm32u5xx_it.o
 .debug_frame   0x000001b8       0x50 ./Core/Src/system_stm32u5xx.o
 .debug_frame   0x00000208      0x608 ./Drivers/STM32U5xx_HAL_Driver/Src/stm32u5xx_hal.o
 .debug_frame   0x00000810      0x508 ./Drivers/STM32U5xx_HAL_Driver/Src/stm32u5xx_hal_cortex.o
 .debug_frame   0x00000d18      0x814 ./Drivers/STM32U5xx_HAL_Driver/Src/stm32u5xx_hal_pwr_ex.o
 .debug_frame   0x0000152c      0x268 ./Drivers/STM32U5xx_HAL_Driver/Src/stm32u5xx_hal_rcc.o
 .debug_frame   0x00001794       0x20 /Applications/STM32CubeIDE.app/Contents/Eclipse/plugins/com.st.stm32cube.ide.mcu.externaltools.gnu-tools-for-stm32.14.3.rel1.macosaarch64_1.0.0.202602081740/tools/bin/../lib/gcc/arm-none-eabi/14.3.1/../../../../arm-none-eabi/lib/thumb/v8-m.main+fp/hard/libc_nano.a(libc_a-memset.o)
 .debug_frame   0x000017b4       0x2c /Applications/STM32CubeIDE.app/Contents/Eclipse/plugins/com.st.stm32cube.ide.mcu.externaltools.gnu-tools-for-stm32.14.3.rel1.macosaarch64_1.0.0.202602081740/tools/bin/../lib/gcc/arm-none-eabi/14.3.1/../../../../arm-none-eabi/lib/thumb/v8-m.main+fp/hard/libc_nano.a(libc_a-init.o)

.debug_line_str
                0x00000000       0x72
 .debug_line_str
                0x00000000       0x72 ./Core/Startup/startup_stm32u5a5zjtxq.o
